[0;32mI (99) esp_image: segment 2: paddr=0001cc88 vaddr=40374000 size=fc98850 0x4200ESP-ROM:esp32s3-20210327[0m
Build:Mar 27 2021
rst:0x15 (USB_UART_CHIP_RESET),boot:0x8 (SPI_FAST_FLASH_BOOT)
Saved PC:0x42001c29
SPIWP:0xee
mode:DIO, clock div:1
load:0x3fce2810,len:0x15a0
load:0x403c8700,len:0x4
load:0x403c8704,len:0xd20
load:0x403cb700,len:0x2f00
entry 0x403c8928
[0;32mI (26) boot: ESP-IDF v5.4.1-dirty 2nd stage bootloader[0m
[0;32mI (27) boot: compile time Aug 25 2025 06:06:57[0m
[0;32mI (27) boot: Multicore bootloader[0m
[0;32mI (27) boot: chip revision: v0.2[0m
[0;32mI (30) boot: efuse block revision: v1.3[0m
[0;32mI (34) boot.esp32s3: Boot SPI Speed : 80MHz[0m
[0;32mI (38) boot.esp32s3: SPI Mode       : DIO[0m
[0;32mI (41) boot.esp32s3: SPI Flash Size : 2MB[0m
[0;32mI (45) boot: Enabling RNG early entropy source...[0m
[0;32mI (50) boot: Partition Table:[0m
[0;32mI (52) boot: ## Label            Usage          Type ST Offset   Length[0m
[0;32mI (59) boot:  0 nvs              WiFi data        01 02 00009000 00006000[0m
[0;32mI (65) boot:  1 phy_init         RF data          01 01 0000f000 00001000[0m
[0;32mI (72) boot:  2 factory          factory app      00 00 00010000 00100000[0m
[0;32mI (78) boot: End of partition table[0m
[0;32mI (81) esp_image: segment 0: paddr=00010020 vaddr=3c020020 size=0a280h ( 41600) map[0m
[0;32mI (96) esp_image: segment 1: paddr=0001a2a8 vaddr=3fc92300 size=029d8h ( 10712) load[0m
[0;32mI (99) esp_image: segment 2: paddr=0001cc88 vaddr=40374000 size=03390h ( 13200) load[0m
[0;32mI (107) esp_image: segment 3: paddr=00020020 vaddr=42000020 size=17794h ( 96148) map[0m
[0;32mI (128) esp_image: segment 4: paddr=000377bc vaddr=40377390 size=0af50h ( 44880) load[0m
[0;32mI (138) esp_image: segment 5: paddr=00042714 vaddr=600fe100 size=0001ch (    28) load[0m
[0;32mI (144) boot: Loaded app from partition at offset 0x10000[0m
[0;32mI (144) boot: Disabling RNG early entropy source...[0m
[0;32mI (156) cpu_start: Multicore app[0m
[0;32mI (166) cpu_start: Pro cpu start user code[0m
[0;32mI (166) cpu_start: cpu freq: 160000000 Hz[0m
[0;32mI (166) app_init: Application information:[0m
[0;32mI (166) app_init: Project name:     openOCD[0m
[0;32mI (170) app_init: App version:      1[0m
[0;32mI (173) app_init: Compile time:     Aug 25 2025 06:06:27[0m
[0;32mI (178) app_init: ELF file SHA256:  e558ac5b7...[0m
[0;32mI (182) app_init: ESP-IDF:          v5.4.1-dirty[0m
[0;32mI (187) efuse_init: Min chip rev:     v0.0[0m
[0;32mI (190) efuse_init: Max chip rev:     v0.99 [0m
[0;32mI (194) efuse_init: Chip rev:         v0.2[0m
[0;32mI (198) heap_init: Initializing. RAM available for dynamic allocation:[0m
[0;32mI (205) heap_init: At 3FC95598 len 00054178 (336 KiB): RAM[0m
[0;32mI (210) heap_init: At 3FCE9710 len 00005724 (21 KiB): RAM[0m
[0;32mI (215) heap_init: At 3FCF0000 len 00008000 (32 KiB): DRAM[0m
[0;32mI (220) heap_init: At 600FE11C len 00001ECC (7 KiB): RTCRAM[0m
[0;32mI (226) spi_flash: detected chip: generic[0m
[0;32mI (229) spi_flash: flash io: dio[0m
[0;33mW (232) spi_flash: Detected size(8192k) larger than the size in the binary image header(2048k). Using the size in the binary image header.[0m
[0;32mI (244) sleep_gpio: Configure to isolate all GPIO pins in sleep state[0m
[0;32mI (251) sleep_gpio: Enable automatic switching of GPIO sleep configuration[0m
[0;32mI (258) main_task: Started on CPU0[0m
[0;32mI (268) main_task: Calling app_main()[0m

assert failed: xQueueSemaphoreTake queue.c:1713 (pxQueue->uxItemSize == 0)


Backtrace: 0x40375a65:0x3fc98580 0x40379c85:0x3fc985a0 0x40380375:0x3fc985c0 0x4037a29e:0x3fc986e0 0x4037a3ae:0x3fc98720 0x40376a19:0x3fc98740 0x40376af9:0x3fc98770 0x42007235:0x3fc98790 0x4200898e:0x3fc987b0 0x4200ca56:0x3fc987d0 0x42008384:0x3fc987f0 0x4200898e:0x3fc98810 0x4200c49e:0x3fc98830 0x4200bd55:0x3fc98850 0x4200bda6:0x3fc98870 0x4200c357:0x3fc98890 0x420100fb:0x3fc988c0 0x4200fac5:0x3fc988e0 0x4200c427:0x3fc98c00 0x42009408:0x3fc98c50 0x42009413:0x3fc99830 0x4037a471:0x3fc99850




ELF file SHA256: e558ac5b7

Rebooting...
ESP-ROM:esp32s3-20210327
Build:Mar 27 2021
rst:0xc (RTC_SW_CPU_RST),boot:0x8 (SPI_FAST_FLASH_BOOT)
Saved PC:0x403759a4
SPIWP:0xee
mode:DIO, clock div:1
load:0x3fce2810,len:0x15a0
load:0x403c8700,len:0x4
load:0x403c8704,len:0xd20
load:0x403cb700,len:0x2f00
entry 0x403c8928
[0;32mI (26) boot: ESP-IDF v5.4.1-dirty 2nd stage bootloader[0m
[0;32mI (26) boot: compile time Aug 25 2025 06:06:57[0m
[0;32mI (26) boot: Multicore bootloader[0m
[0;32mI (27) boot: chip revision: v0.2[0m
[0;32mI (30) boot: efuse block revision: v1.3[0m
[0;32mI (33) boot.esp32s3: Boot SPI Speed : 80MHz[0m
[0;32mI (37) boot.esp32s3: SPI Mode       : DIO[0m
[0;32mI (41) boot.esp32s3: SPI Flash Size : 2MB[0m
[0;32mI (45) boot: Enabling RNG early entropy source...[0m
[0;32mI (49) boot: Partition Table:[0m
[0;32mI (52) boot: ## Label            Usage          Type ST Offset   Length[0m
[0;32mI (58) boot:  0 nvs              WiFi data        01 02 00009000 00006000[0m
[0;32mI (65) boot:  1 phy_init         RF data          01 01 0000f000 00001000[0m
[0;32mI (71) boot:  2 factory          factory app      00 00 00010000 00100000[0m
[0;32mI (78) boot: End of partition table[0m
[0;32mI (81) esp_image: segment 0: paddr=00010020 vaddr=3c020020 size=0a280h ( 41600) map[0m
[0;32mI (96) esp_image: segment 1: paddr=0001a2a8 vaddr=3fc92300 size=029d8h ( 10712) load[0m
[0;32mI (98) esp_image: segment 2: paddr=0001cc88 vaddr=40374000 size=03390h ( 13200) load[0m
[0;32mI (106) esp_image: segment 3: paddr=00020020 vaddr=42000020 size=17794h ( 96148) map[0m
[0;32mI (128) esp_image: segment 4: paddr=000377bc vaddr=40377390 size=0af50h ( 44880) load[0m
[0;32mI (138) esp_image: segment 5: paddr=00042714 vaddr=600fe100 size=0001ch (    28) load[0m
[0;32mI (144) boot: Loaded app from partition at offset 0x10000[0m
[0;32mI (144) boot: Disabling RNG early entropy source...[0m
[0;32mI (155) cpu_start: Multicore app[0m
[0;32mI (165) cpu_start: Pro cpu start user code[0m
[0;32mI (165) cpu_start: cpu freq: 160000000 Hz[0m
[0;32mI (165) app_init: Application information:[0m
[0;32mI (165) app_init: Project name:     openOCD[0m
[0;32mI (169) app_init: App version:      1[0m
[0;32mI (172) app_init: Compile time:     Aug 25 2025 06:06:27[0m
[0;32mI (177) app_init: ELF file SHA256:  e558ac5b7...[0m
[0;32mI (182) app_init: ESP-IDF:          v5.4.1-dirty[0m
[0;32mI (186) efuse_init: Min chip rev:     v0.0[0m
[0;32mI (190) efuse_init: Max chip rev:     v0.99 [0m
[0;32mI (194) efuse_init: Chip rev:         v0.2[0m
[0;32mI (198) heap_init: Initializing. RAM available for dynamic allocation:[0m
[0;32mI (204) heap_init: At 3FC95598 len 00054178 (336 KiB): RAM[0m
[0;32mI (209) heap_init: At 3FCE9710 len 00005724 (21 KiB): RAM[0m
[0;32mI (214) heap_init: At 3FCF0000 len 00008000 (32 KiB): DRAM[0m
[0;32mI (220) heap_init: At 600FE11C len 00001ECC (7 KiB): RTCRAM[0m
[0;32mI (226) spi_flash: detected chip: generic[0m
[0;32mI (229) spi_flash: flash io: dio[0m
[0;33mW (232) spi_flash: Detected size(8192k) larger than the size in the binary image header(2048k). Using the size in the binary image header.[0m
[0;32mI (244) sleep_gpio: Configure to isolate all GPIO pins in sleep state[0m
[0;32mI (250) sleep_gpio: Enable automatic switching of GPIO sleep configuration[0m
[0;32mI (257) main_task: Started on CPU0[0m
[0;32mI (267) main_task: Calling app_main()[0m

assert failed: xQueueSemaphoreTake queue.c:1713 (pxQueue->uxItemSize == 0)


Backtrace: 0x40375a65:0x3fc98580 0x40379c85:0x3fc985a0 0x40380375:0x3fc985c0 0x4037a29e:0x3fc986e0 0x4037a3ae:0x3fc98720 0x40376a19:0x3fc98740 0x40376af9:0x3fc98770 0x42007235:0x3fc98790 0x4200898e:0x3fc987b0 0x4200ca56:0x3fc987d0 0x42008384:0x3fc987f0 0x4200898e:0x3fc98810 0x4200c49e:0x3fc98830 0x4200bd55:0x3fc98850 0x4200bda6:0x3fc98870 0x4200c357:0x3fc98890 0x420100fb:0x3fc988c0 0x4200fac5:0x3fc988e0 0x4200c427:0x3fc98c00 0x42009408:0x3fc98c50 0x42009413:0x3fc99830 0x4037a471:0x3fc99850




ELF file SHA256: e558ac5b7

Rebooting...
ESP-ROM:esp32s3-20210327
Build:Mar 27 2021
rst:0xc (RTC_SW_CPU_RST),boot:0x8 (SPI_FAST_FLASH_BOOT)
Saved PC:0x403759a4
SPIWP:0xee
mode:DIO, clock div:1
load:0x3fce2810,len:0x15a0
load:0x403c8700,len:0x4
load:0x403c8704,len:0xd20
load:0x403cb700,len:0x2f00
entry 0x403c8928
[0;32mI (26) boot: ESP-IDF v5.4.1-dirty 2nd stage bootloader[0m
[0;32mI (26) boot: compile time Aug 25 2025 06:06:57[0m
[0;32mI (26) boot: Multicore bootloader[0m
[0;32mI (27) boot: chip revision: v0.2[0m
[0;32mI (30) boot: efuse block revision: v1.3[0m
[0;32mI (33) boot.esp32s3: Boot SPI Speed : 80MHz[0m
[0;32mI (37) boot.esp32s3: SPI Mode       : DIO[0m
[0;32mI (41) boot.esp32s3: SPI Flash Size : 2MB[0m
[0;32mI (45) boot: Enabling RNG early entropy source...[0m
[0;32mI (49) boot: Partition Table:[0m
[0;32mI (52) boot: ## Label            Usage          Type ST Offset   Length[0m
[0;32mI (58) boot:  0 nvs              WiFi data        01 02 00009000 00006000[0m
[0;32mI (65) boot:  1 phy_init         RF data          01 01 0000f000 00001000[0m
[0;32mI (71) boot:  2 factory          factory app      00 00 00010000 00100000[0m
[0;32mI (78) boot: End of partition table[0m
[0;32mI (81) esp_image: segment 0: paddr=00010020 vaddr=3c020020 size=0a280h ( 41600) map[0m
[0;32mI (96) esp_image: segment 1: paddr=0001a2a8 vaddr=3fc92300 size=029d8h ( 10712) load[0m
[0;32mI (98) esp_image: segment 2: paddr=0001cc88 vaddr=40374000 size=03390h ( 13200) load[0m
[0;32mI (106) esp_image: segment 3: paddr=00020020 vaddr=42000020 size=17794h ( 96148) map[0m
[0;32mI (128) esp_image: segment 4: paddr=000377bc vaddr=40377390 size=0af50h ( 44880) load[0m
[0;32mI (138) esp_image: segment 5: paddr=00042714 vaddr=600fe100 size=0001ch (    28) load[0m
[0;32mI (144) boot: Loaded app from partition at offset 0x10000[0m
[0;32mI (144) boot: Disabling RNG early entropy source...[0m
[0;32mI (155) cpu_start: Multicore app[0m
[0;32mI (165) cpu_start: Pro cpu start user code[0m
[0;32mI (165) cpu_start: cpu freq: 160000000 Hz[0m
[0;32mI (165) app_init: Application information:[0m
[0;32mI (165) app_init: Project name:     openOCD[0m
[0;32mI (169) app_init: App version:      1[0m
[0;32mI (172) app_init: Compile time:     Aug 25 2025 06:06:27[0m
[0;32mI (177) app_init: ELF file SHA256:  e558ac5b7...[0m
[0;32mI (182) app_init: ESP-IDF:          v5.4.1-dirty[0m
[0;32mI (186) efuse_init: Min chip rev:     v0.0[0m
[0;32mI (190) efuse_init: Max chip rev:     v0.99 [0m
[0;32mI (194) efuse_init: Chip rev:         v0.2[0m
[0;32mI (198) heap_init: Initializing. RAM available for dynamic allocation:[0m
[0;32mI (204) heap_init: At 3FC95598 len 00054178 (336 KiB): RAM[0m
[0;32mI (209) heap_init: At 3FCE9710 len 00005724 (21 KiB): RAM[0m
[0;32mI (214) heap_init: At 3FCF0000 len 00008000 (32 KiB): DRAM[0m
[0;32mI (220) heap_init: At 600FE11C len 00001ECC (7 KiB): RTCRAM[0m
[0;32mI (226) spi_flash: detected chip: generic[0m
[0;32mI (229) spi_flash: flash io: dio[0m
[0;33mW (232) spi_flash: Detected size(8192k) larger than the size in the binary image header(2048k). Using the size in the binary image header.[0m
[0;32mI (244) sleep_gpio: Configure to isolate all GPIO pins in sleep state[0m
[0;32mI (250) sleep_gpio: Enable automatic switching of GPIO sleep configuration[0m
[0;32mI (257) main_task: Started on CPU0[0m
[0;32mI (267) main_task: Calling app_main()[0m

assert failed: xQueueSemaphoreTake queue.c:1713 (pxQueue->uxItemSize == 0)


Backtrace: 0x40375a65:0x3fc98580 0x40379c85:0x3fc985a0 0x40380375:0x3fc985c0 0x4037a29e:0x3fc986e0 0x4037a3ae:0x3fc98720 0x40376a19:0x3fc98740 0x40376af9:0x3fc98770 0x42007235:0x3fc98790 0x4200898e:0x3fc987b0 0x4200ca56:0x3fc987d0 0x42008384:0x3fc987f0 0x4200898e:0x3fc98810 0x4200c49e:0x3fc98830 0x4200bd55:0x3fc98850 0x4200bda6:0x3fc98870 0x4200c357:0x3fc98890 0x420100fb:0x3fc988c0 0x4200fac5:0x3fc988e0 0x4200c427:0x3fc98c00 0x42009408:0x3fc98c50 0x42009413:0x3fc99830 0x4037a471:0x3fc99850




ELF file SHA256: e558ac5b7

Rebooting...
ESP-ROM:esp32s3-20210327
Build:Mar 27 2021
rst:0xc (RTC_SW_CPU_RST),boot:0x8 (SPI_FAST_FLASH_BOOT)
Saved PC:0x403759a4
SPIWP:0xee
mode:DIO, clock div:1
load:0x3fce2810,len:0x15a0
load:0x403c8700,len:0x4
load:0x403c8704,len:0xd20
load:0x403cb700,len:0x2f00
entry 0x403c8928
[0;32mI (26) boot: ESP-IDF v5.4.1-dirty 2nd stage bootloader[0m
[0;32mI (26) boot: compile time Aug 25 2025 06:06:57[0m
[0;32mI (26) boot: Multicore bootloader[0m
[0;32mI (27) boot: chip revision: v0.2[0m
[0;32mI (30) boot: efuse block revision: v1.3[0m
[0;32mI (33) boot.esp32s3: Boot SPI Speed : 80MHz[0m
[0;32mI (37) boot.esp32s3: SPI Mode       : DIO[0m
[0;32mI (41) boot.esp32s3: SPI Flash Size : 2MB[0m
[0;32mI (45) boot: Enabling RNG early entropy source...[0m
[0;32mI (49) boot: Partition Table:[0m
[0;32mI (52) boot: ## Label            Usage          Type ST Offset   Length[0m
[0;32mI (58) boot:  0 nvs              WiFi data        01 02 00009000 00006000[0m
[0;32mI (65) boot:  1 phy_init         RF data          01 01 0000f000 00001000[0m
[0;32mI (71) boot:  2 factory          factory app      00 00 00010000 00100000[0m
[0;32mI (78) boot: End of partition table[0m
[0;32mI (81) esp_image: segment 0: paddr=00010020 vaddr=3c020020 size=0a280h ( 41600) map[0m
[0;32mI (96) esp_image: segment 1: paddr=0001a2a8 vaddr=3fc92300 size=029d8h ( 10712) load[0m
[0;32mI (98) esp_image: segment 2: paddr=0001cc88 vaddr=40374000 size=03390h ( 13200) load[0m
[0;32mI (106) esp_image: segment 3: paddr=00020020 vaddr=42000020 size=17794h ( 96148) map[0m
[0;32mI (128) esp_image: segment 4: paddr=000377bc vaddr=40377390 size=0af50h ( 44880) load[0m
[0;32mI (138) esp_image: segment 5: paddr=00042714 vaddr=600fe100 size=0001ch (    28) load[0m
[0;32mI (144) boot: Loaded app from partition at offset 0x10000[0m
[0;32mI (144) boot: Disabling RNG early entropy source...[0m
[0;32mI (155) cpu_start: Multicore app[0m
[0;32mI (165) cpu_start: Pro cpu start user code[0m
[0;32mI (165) cpu_start: cpu freq: 160000000 Hz[0m
[0;32mI (165) app_init: Application information:[0m
[0;32mI (165) app_init: Project name:     openOCD[0m
[0;32mI (169) app_init: App version:      1[0m
[0;32mI (172) app_init: Compile time:     Aug 25 2025 06:06:27[0m
[0;32mI (177) app_init: ELF file SHA256:  e558ac5b7...[0m
[0;32mI (182) app_init: ESP-IDF:          v5.4.1-dirty[0m
[0;32mI (186) efuse_init: Min chip rev:     v0.0[0m
[0;32mI (190) efuse_init: Max chip rev:     v0.99 [0m
[0;32mI (194) efuse_init: Chip rev:         v0.2[0m
[0;32mI (198) heap_init: Initializing. RAM available for dynamic allocation:[0m
[0;32mI (204) heap_init: At 3FC95598 len 00054178 (336 KiB): RAM[0m
[0;32mI (209) heap_init: At 3FCE9710 len 00005724 (21 KiB): RAM[0m
[0;32mI (214) heap_init: At 3FCF0000 len 00008000 (32 KiB): DRAM[0m
[0;32mI (220) heap_init: At 600FE11C len 00001ECC (7 KiB): RTCRAM[0m
[0;32mI (226) spi_flash: detected chip: generic[0m
[0;32mI (229) spi_flash: flash io: dio[0m
[0;33mW (232) spi_flash: Detected size(8192k) larger than the size in the binary image header(2048k). Using the size in the binary image header.[0m
[0;32mI (244) sleep_gpio: Configure to isolate all GPIO pins in sleep state[0m
[0;32mI (250) sleep_gpio: Enable automatic switching of GPIO sleep configuration[0m
[0;32mI (257) main_task: Started on CPU0[0m
[0;32mI (267) main_task: Calling app_main()[0m

assert failed: xQueueSemaphoreTake queue.c:1713 (pxQueue->uxItemSize == 0)


Backtrace: 0x40375a65:0x3fc98580 0x40379c85:0x3fc985a0 0x40380375:0x3fc985c0 0x4037a29e:0x3fc986e0 0x4037a3ae:0x3fc98720 0x40376a19:0x3fc98740 0x40376af9:0x3fc98770 0x42007235:0x3fc98790 0x4200898e:0x3fc987b0 0x4200ca56:0x3fc987d0 0x42008384:0x3fc987f0 0x4200898e:0x3fc98810 0x4200c49e:0x3fc98830 0x4200bd55:0x3fc98850 0x4200bda6:0x3fc98870 0x4200c357:0x3fc98890 0x420100fb:0x3fc988c0 0x4200fac5:0x3fc988e0 0x4200c427:0x3fc98c00 0x42009408:0x3fc98c50 0x42009413:0x3fc99830 0x4037a471:0x3fc99850




ELF file SHA256: e558ac5b7

Rebooting...
ESP-ROM:esp32s3-20210327
Build:Mar 27 2021
rst:0xc (RTC_SW_CPU_RST),boot:0x8 (SPI_FAST_FLASH_BOOT)
Saved PC:0x403759a4
SPIWP:0xee
mode:DIO, clock div:1
load:0x3fce2810,len:0x15a0
load:0x403c8700,len:0x4
load:0x403c8704,len:0xd20
load:0x403cb700,len:0x2f00
entry 0x403c8928
[0;32mI (26) boot: ESP-IDF v5.4.1-dirty 2nd stage bootloader[0m
[0;32mI (26) boot: compile time Aug 25 2025 06:06:57[0m
[0;32mI (26) boot: Multicore bootloader[0m
[0;32mI (27) boot: chip revision: v0.2[0m
[0;32mI (30) boot: efuse block revision: v1.3[0m
[0;32mI (33) boot.esp32s3: Boot SPI Speed : 80MHz[0m
[0;32mI (37) boot.esp32s3: SPI Mode       : DIO[0m
[0;32mI (41) boot.esp32s3: SPI Flash Size : 2MB[0m
[0;32mI (45) boot: Enabling RNG early entropy source...[0m
[0;32mI (49) boot: Partition Table:[0m
[0;32mI (52) boot: ## Label            Usage          Type ST Offset   Length[0m
[0;32mI (58) boot:  0 nvs              WiFi data        01 02 00009000 00006000[0m
[0;32mI (65) boot:  1 phy_init         RF data          01 01 0000f000 00001000[0m
[0;32mI (71) boot:  2 factory          factory app      00 00 00010000 00100000[0m
[0;32mI (78) boot: End of partition table[0m
[0;32mI (81) esp_image: segment 0: paddr=00010020 vaddr=3c020020 size=0a280h ( 41600) map[0m
[0;32mI (96) esp_image: segment 1: paddr=0001a2a8 vaddr=3fc92300 size=029d8h ( 10712) load[0m
[0;32mI (98) esp_image: segment 2: paddr=0001cc88 vaddr=40374000 size=03390h ( 13200) load[0m
[0;32mI (106) esp_image: segment 3: paddr=00020020 vaddr=42000020 size=17794h ( 96148) map[0m
[0;32mI (128) esp_image: segment 4: paddr=000377bc vaddr=40377390 size=0af50h ( 44880) load[0m
[0;32mI (138) esp_image: segment 5: paddr=00042714 vaddr=600fe100 size=0001ch (    28) load[0m
[0;32mI (144) boot: Loaded app from partition at offset 0x10000[0m
[0;32mI (144) boot: Disabling RNG early entropy source...[0m
[0;32mI (155) cpu_start: Multicore app[0m
[0;32mI (165) cpu_start: Pro cpu start user code[0m
[0;32mI (165) cpu_start: cpu freq: 160000000 Hz[0m
[0;32mI (165) app_init: Application information:[0m
[0;32mI (165) app_init: Project name:     openOCD[0m
[0;32mI (169) app_init: App version:      1[0m
[0;32mI (172) app_init: Compile time:     Aug 25 2025 06:06:27[0m
[0;32mI (177) app_init: ELF file SHA256:  e558ac5b7...[0m
[0;32mI (182) app_init: ESP-IDF:          v5.4.1-dirty[0m
[0;32mI (186) efuse_init: Min chip rev:     v0.0[0m
[0;32mI (190) efuse_init: Max chip rev:     v0.99 [0m
[0;32mI (194) efuse_init: Chip rev:         v0.2[0m
[0;32mI (198) heap_init: Initializing. RAM available for dynamic allocation:[0m
[0;32mI (204) heap_init: At 3FC95598 len 00054178 (336 KiB): RAM[0m
[0;32mI (209) heap_init: At 3FCE9710 len 00005724 (21 KiB): RAM[0m
[0;32mI (214) heap_init: At 3FCF0000 len 00008000 (32 KiB): DRAM[0m
[0;32mI (220) heap_init: At 600FE11C len 00001ECC (7 KiB): RTCRAM[0m
[0;32mI (226) spi_flash: detected chip: generic[0m
[0;32mI (229) spi_flash: flash io: dio[0m
[0;33mW (232) spi_flash: Detected size(8192k) larger than the size in the binary image header(2048k). Using the size in the binary image header.[0m
[0;32mI (244) sleep_gpio: Configure to isolate all GPIO pins in sleep state[0m
[0;32mI (250) sleep_gpio: Enable automatic switching of GPIO sleep configuration[0m
[0;32mI (257) main_task: Started on CPU0[0m
[0;32mI (267) main_task: Calling app_main()[0m

assert failed: xQueueSemaphoreTake queue.c:1713 (pxQueue->uxItemSize == 0)


Backtrace: 0x40375a65:0x3fc98580 0x40379c85:0x3fc985a0 0x40380375:0x3fc985c0 0x4037a29e:0x3fc986e0 0x4037a3ae:0x3fc98720 0x40376a19:0x3fc98740 0x40376af9:0x3fc98770 0x42007235:0x3fc98790 0x4200898e:0x3fc987b0 0x4200ca56:0x3fc987d0 0x42008384:0x3fc987f0 0x4200898e:0x3fc98810 0x4200c49e:0x3fc98830 0x4200bd55:0x3fc98850 0x4200bda6:0x3fc98870 0x4200c357:0x3fc98890 0x420100fb:0x3fc988c0 0x4200fac5:0x3fc988e0 0x4200c427:0x3fc98c00 0x42009408:0x3fc98c50 0x42009413:0x3fc99830 0x4037a471:0x3fc99850




ELF file SHA256: e558ac5b7

Rebooting...
ESP-ROM:esp32s3-20210327
Build:Mar 27 2021
rst:0xc (RTC_SW_CPU_RST),boot:0x8 (SPI_FAST_FLASH_BOOT)
Saved PC:0x403759a4
SPIWP:0xee
mode:DIO, clock div:1
load:0x3fce2810,len:0x15a0
load:0x403c8700,len:0x4
load:0x403c8704,len:0xd20
load:0x403cb700,len:0x2f00
entry 0x403c8928
[0;32mI (26) boot: ESP-IDF v5.4.1-dirty 2nd stage bootloader[0m
[0;32mI (26) boot: compile time Aug 25 2025 06:06:57[0m
[0;32mI (26) boot: Multicore bootloader[0m
[0;32mI (27) boot: chip revision: v0.2[0m
[0;32mI (30) boot: efuse block revision: v1.3[0m
[0;32mI (33) boot.esp32s3: Boot SPI Speed : 80MHz[0m
[0;32mI (37) boot.esp32s3: SPI Mode       : DIO[0m
[0;32mI (41) boot.esp32s3: SPI Flash Size : 2MB[0m
[0;32mI (45) boot: Enabling RNG early entropy source...[0m
[0;32mI (49) boot: Partition Table:[0m
[0;32mI (52) boot: ## Label            Usage          Type ST Offset   Length[0m
[0;32mI (58) boot:  0 nvs              WiFi data        01 02 00009000 00006000[0m
[0;32mI (65) boot:  1 phy_init         RF data          01 01 0000f000 00001000[0m
[0;32mI (71) boot:  2 factory          factory app      00 00 00010000 00100000[0m
[0;32mI (78) boot: End of partition table[0m
[0;32mI (81) esp_image: segment 0: paddr=00010020 vaddr=3c020020 size=0a280h ( 41600) map[0m
[0;32mI (96) esp_image: segment 1: paddr=0001a2a8 vaddr=3fc92300 size=029d8h ( 10712) load[0m
[0;32mI (98) esp_image: segment 2: paddr=0001cc88 vaddr=40374000 size=03390h ( 13200) load[0m
[0;32mI (106) esp_image: segment 3: paddr=00020020 vaddr=42000020 size=17794h ( 96148) map[0m
[0;32mI (128) esp_image: segment 4: paddr=000377bc vaddr=40377390 size=0af50h ( 44880) load[0m
[0;32mI (138) esp_image: segment 5: paddr=00042714 vaddr=600fe100 size=0001ch (    28) load[0m
[0;32mI (144) boot: Loaded app from partition at offset 0x10000[0m
[0;32mI (144) boot: Disabling RNG early entropy source...[0m
[0;32mI (155) cpu_start: Multicore app[0m
[0;32mI (165) cpu_start: Pro cpu start user code[0m
[0;32mI (165) cpu_start: cpu freq: 160000000 Hz[0m
[0;32mI (165) app_init: Application information:[0m
[0;32mI (165) app_init: Project name:     openOCD[0m
[0;32mI (169) app_init: App version:      1[0m
[0;32mI (172) app_init: Compile time:     Aug 25 2025 06:06:27[0m
[0;32mI (177) app_init: ELF file SHA256:  e558ac5b7...[0m
[0;32mI (182) app_init: ESP-IDF:          v5.4.1-dirty[0m
[0;32mI (186) efuse_init: Min chip rev:     v0.0[0m
[0;32mI (190) efuse_init: Max chip rev:     v0.99 [0m
[0;32mI (194) efuse_init: Chip rev:         v0.2[0m
[0;32mI (198) heap_init: Initializing. RAM available for dynamic allocation:[0m
[0;32mI (204) heap_init: At 3FC95598 len 00054178 (336 KiB): RAM[0m
[0;32mI (209) heap_init: At 3FCE9710 len 00005724 (21 KiB): RAM[0m
[0;32mI (214) heap_init: At 3FCF0000 len 00008000 (32 KiB): DRAM[0m
[0;32mI (220) heap_init: At 600FE11C len 00001ECC (7 KiB): RTCRAM[0m
[0;32mI (226) spi_flash: detected chip: generic[0m
[0;32mI (229) spi_flash: flash io: dio[0m
[0;33mW (232) spi_flash: Detected size(8192k) larger than the size in the binary image header(2048k). Using the size in the binary image header.[0m
[0;32mI (244) sleep_gpio: Configure to isolate all GPIO pins in sleep state[0m
[0;32mI (250) sleep_gpio: Enable automatic switching of GPIO sleep configuration[0m
[0;32mI (257) main_task: Started on CPU0[0m
[0;32mI (267) main_task: Calling app_main()[0m

assert failed: xQueueSemaphoreTake queue.c:1713 (pxQueue->uxItemSize == 0)


Backtrace: 0x40375a65:0x3fc98580 0x40379c85:0x3fc985a0 0x40380375:0x3fc985c0 0x4037a29e:0x3fc986e0 0x4037a3ae:0x3fc98720 0x40376a19:0x3fc98740 0x40376af9:0x3fc98770 0x42007235:0x3fc98790 0x4200898e:0x3fc987b0 0x4200ca56:0x3fc987d0 0x42008384:0x3fc987f0 0x4200898e:0x3fc98810 0x4200c49e:0x3fc98830 0x4200bd55:0x3fc98850 0x4200bda6:0x3fc98870 0x4200c357:0x3fc98890 0x420100fb:0x3fc988c0 0x4200fac5:0x3fc988e0 0x4200c427:0x3fc98c00 0x42009408:0x3fc98c50 0x42009413:0x3fc99830 0x4037a471:0x3fc99850




ELF file SHA256: e558ac5b7

Rebooting...
ESP-ROM:esp32s3-20210327
Build:Mar 27 2021
rst:0xc (RTC_SW_CPU_RST),boot:0x8 (SPI_FAST_FLASH_BOOT)
Saved PC:0x403759a4
SPIWP:0xee
mode:DIO, clock div:1
load:0x3fce2810,len:0x15a0
load:0x403c8700,len:0x4
load:0x403c8704,len:0xd20
load:0x403cb700,len:0x2f00
entry 0x403c8928
[0;32mI (26) boot: ESP-IDF v5.4.1-dirty 2nd stage bootloader[0m
[0;32mI (26) boot: compile time Aug 25 2025 06:06:57[0m
[0;32mI (26) boot: Multicore bootloader[0m
[0;32mI (27) boot: chip revision: v0.2[0m
[0;32mI (30) boot: efuse block revision: v1.3[0m
[0;32mI (33) boot.esp32s3: Boot SPI Speed : 80MHz[0m
[0;32mI (37) boot.esp32s3: SPI Mode       : DIO[0m
[0;32mI (41) boot.esp32s3: SPI Flash Size : 2MB[0m
[0;32mI (45) boot: Enabling RNG early entropy source...[0m
[0;32mI (49) boot: Partition Table:[0m
[0;32mI (52) boot: ## Label            Usage          Type ST Offset   Length[0m
[0;32mI (58) boot:  0 nvs              WiFi data        01 02 00009000 00006000[0m
[0;32mI (65) boot:  1 phy_init         RF data          01 01 0000f000 00001000[0m
[0;32mI (71) boot:  2 factory          factory app      00 00 00010000 00100000[0m
[0;32mI (78) boot: End of partition table[0m
[0;32mI (81) esp_image: segment 0: paddr=00010020 vaddr=3c020020 size=0a280h ( 41600) map[0m
[0;32mI (96) esp_image: segment 1: paddr=0001a2a8 vaddr=3fc92300 size=029d8h ( 10712) load[0m
[0;32mI (98) esp_image: segment 2: paddr=0001cc88 vaddr=40374000 size=03390h ( 13200) load[0m
[0;32mI (106) esp_image: segment 3: paddr=00020020 vaddr=42000020 size=17794h ( 96148) map[0m
[0;32mI (128) esp_image: segment 4: paddr=000377bc vaddr=40377390 size=0af50h ( 44880) load[0m
[0;32mI (138) esp_image: segment 5: paddr=00042714 vaddr=600fe100 size=0001ch (    28) load[0m
[0;32mI (144) boot: Loaded app from partition at offset 0x10000[0m
[0;32mI (144) boot: Disabling RNG early entropy source...[0m
[0;32mI (155) cpu_start: Multicore app[0m
[0;32mI (165) cpu_start: Pro cpu start user code[0m
[0;32mI (165) cpu_start: cpu freq: 160000000 Hz[0m
[0;32mI (165) app_init: Application information:[0m
[0;32mI (165) app_init: Project name:     openOCD[0m
[0;32mI (169) app_init: App version:      1[0m
[0;32mI (172) app_init: Compile time:     Aug 25 2025 06:06:27[0m
[0;32mI (177) app_init: ELF file SHA256:  e558ac5b7...[0m
[0;32mI (182) app_init: ESP-IDF:          v5.4.1-dirty[0m
[0;32mI (186) efuse_init: Min chip rev:     v0.0[0m
[0;32mI (190) efuse_init: Max chip rev:     v0.99 [0m
[0;32mI (194) efuse_init: Chip rev:         v0.2[0m
[0;32mI (198) heap_init: Initializing. RAM available for dynamic allocation:[0m
[0;32mI (204) heap_init: At 3FC95598 len 00054178 (336 KiB): RAM[0m
[0;32mI (209) heap_init: At 3FCE9710 len 00005724 (21 KiB): RAM[0m
[0;32mI (214) heap_init: At 3FCF0000 len 00008000 (32 KiB): DRAM[0m
[0;32mI (220) heap_init: At 600FE11C len 00001ECC (7 KiB): RTCRAM[0m
[0;32mI (226) spi_flash: detected chip: generic[0m
[0;32mI (229) spi_flash: flash io: dio[0m
[0;33mW (232) spi_flash: Detected size(8192k) larger than the size in the binary image header(2048k). Using the size in the binary image header.[0m
[0;32mI (244) sleep_gpio: Configure to isolate all GPIO pins in sleep state[0m
[0;32mI (250) sleep_gpio: Enable automatic switching of GPIO sleep configuration[0m
[0;32mI (257) main_task: Started on CPU0[0m
[0;32mI (267) main_task: Calling app_main()[0m

assert failed: xQueueSemaphoreTake queue.c:1713 (pxQueue->uxItemSize == 0)


Backtrace: 0x40375a65:0x3fc98580 0x40379c85:0x3fc985a0 0x40380375:0x3fc985c0 0x4037a29e:0x3fc986e0 0x4037a3ae:0x3fc98720 0x40376a19:0x3fc98740 0x40376af9:0x3fc98770 0x42007235:0x3fc98790 0x4200898e:0x3fc987b0 0x4200ca56:0x3fc987d0 0x42008384:0x3fc987f0 0x4200898e:0x3fc98810 0x4200c49e:0x3fc98830 0x4200bd55:0x3fc98850 0x4200bda6:0x3fc98870 0x4200c357:0x3fc98890 0x420100fb:0x3fc988c0 0x4200fac5:0x3fc988e0 0x4200c427:0x3fc98c00 0x42009408:0x3fc98c50 0x42009413:0x3fc99830 0x4037a471:0x3fc99850




ELF file SHA256: e558ac5b7

Rebooting...
ESP-ROM:esp32s3-20210327
Build:Mar 27 2021
rst:0xc (RTC_SW_CPU_RST),boot:0x8 (SPI_FAST_FLASH_BOOT)
Saved PC:0x403759a4
SPIWP:0xee
mode:DIO, clock div:1
load:0x3fce2810,len:0x15a0
load:0x403c8700,len:0x4
load:0x403c8704,len:0xd20
load:0x403cb700,len:0x2f00
entry 0x403c8928
[0;32mI (26) boot: ESP-IDF v5.4.1-dirty 2nd stage bootloader[0m
[0;32mI (26) boot: compile time Aug 25 2025 06:06:57[0m
[0;32mI (26) boot: Multicore bootloader[0m
[0;32mI (27) boot: chip revision: v0.2[0m
[0;32mI (30) boot: efuse block revision: v1.3[0m
[0;32mI (33) boot.esp32s3: Boot SPI Speed : 80MHz[0m
[0;32mI (37) boot.esp32s3: SPI Mode       : DIO[0m
[0;32mI (41) boot.esp32s3: SPI Flash Size : 2MB[0m
[0;32mI (45) boot: Enabling RNG early entropy source...[0m
[0;32mI (49) boot: Partition Table:[0m
[0;32mI (52) boot: ## Label            Usage          Type ST Offset   Length[0m
[0;32mI (58) boot:  0 nvs              WiFi data        01 02 00009000 00006000[0m
[0;32mI (65) boot:  1 phy_init         RF data          01 01 0000f000 00001000[0m
[0;32mI (71) boot:  2 factory          factory app      00 00 00010000 00100000[0m
[0;32mI (78) boot: End of partition table[0m
[0;32mI (81) esp_image: segment 0: paddr=00010020 vaddr=3c020020 size=0a280h ( 41600) map[0m
[0;32mI (96) esp_image: segment 1: paddr=0001a2a8 vaddr=3fc92300 size=029d8h ( 10712) load[0m
[0;32mI (98) esp_image: segment 2: paddr=0001cc88 vaddr=40374000 size=03390h ( 13200) load[0m
[0;32mI (106) esp_image: segment 3: paddr=00020020 vaddr=42000020 size=17794h ( 96148) map[0m
[0;32mI (128) esp_image: segment 4: paddr=000377bc vaddr=40377390 size=0af50h ( 44880) load[0m
[0;32mI (138) esp_image: segment 5: paddr=00042714 vaddr=600fe100 size=0001ch (    28) load[0m
[0;32mI (144) boot: Loaded app from partition at offset 0x10000[0m
[0;32mI (144) boot: Disabling RNG early entropy source...[0m
[0;32mI (155) cpu_start: Multicore app[0m
[0;32mI (165) cpu_start: Pro cpu start user code[0m
[0;32mI (165) cpu_start: cpu freq: 160000000 Hz[0m
[0;32mI (165) app_init: Application information:[0m
[0;32mI (165) app_init: Project name:     openOCD[0m
[0;32mI (169) app_init: App version:      1[0m
[0;32mI (172) app_init: Compile time:     Aug 25 2025 06:06:27[0m
[0;32mI (177) app_init: ELF file SHA256:  e558ac5b7...[0m
[0;32mI (182) app_init: ESP-IDF:          v5.4.1-dirty[0m
[0;32mI (186) efuse_init: Min chip rev:     v0.0[0m
[0;32mI (190) efuse_init: Max chip rev:     v0.99 [0m
[0;32mI (194) efuse_init: Chip rev:         v0.2[0m
[0;32mI (198) heap_init: Initializing. RAM available for dynamic allocation:[0m
[0;32mI (204) heap_init: At 3FC95598 len 00054178 (336 KiB): RAM[0m
[0;32mI (209) heap_init: At 3FCE9710 len 00005724 (21 KiB): RAM[0m
[0;32mI (214) heap_init: At 3FCF0000 len 00008000 (32 KiB): DRAM[0m
[0;32mI (220) heap_init: At 600FE11C len 00001ECC (7 KiB): RTCRAM[0m
[0;32mI (226) spi_flash: detected chip: generic[0m
[0;32mI (229) spi_flash: flash io: dio[0m
[0;33mW (232) spi_flash: Detected size(8192k) larger than the size in the binary image header(2048k). Using the size in the binary image header.[0m
[0;32mI (244) sleep_gpio: Configure to isolate all GPIO pins in sleep state[0m
[0;32mI (250) sleep_gpio: Enable automatic switching of GPIO sleep configuration[0m
[0;32mI (257) main_task: Started on CPU0[0m
[0;32mI (267) main_task: Calling app_main()[0m

assert failed: xQueueSemaphoreTake queue.c:1713 (pxQueue->uxItemSize == 0)


Backtrace: 0x40375a65:0x3fc98580 0x40379c85:0x3fc985a0 0x40380375:0x3fc985c0 0x4037a29e:0x3fc986e0 0x4037a3ae:0x3fc98720 0x40376a19:0x3fc98740 0x40376af9:0x3fc98770 0x42007235:0x3fc98790 0x4200898e:0x3fc987b0 0x4200ca56:0x3fc987d0 0x42008384:0x3fc987f0 0x4200898e:0x3fc98810 0x4200c49e:0x3fc98830 0x4200bd55:0x3fc98850 0x4200bda6:0x3fc98870 0x4200c357:0x3fc98890 0x420100fb:0x3fc988c0 0x4200fac5:0x3fc988e0 0x4200c427:0x3fc98c00 0x42009408:0x3fc98c50 0x42009413:0x3fc99830 0x4037a471:0x3fc99850




ELF file SHA256: e558ac5b7

Rebooting...
ESP-ROM:esp32s3-20210327
Build:Mar 27 2021
rst:0xc (RTC_SW_CPU_RST),boot:0x8 (SPI_FAST_FLASH_BOOT)
Saved PC:0x403759a4
SPIWP:0xee
mode:DIO, clock div:1
load:0x3fce2810,len:0x15a0
load:0x403c8700,len:0x4
load:0x403c8704,len:0xd20
load:0x403cb700,len:0x2f00
entry 0x403c8928
[0;32mI (26) boot: ESP-IDF v5.4.1-dirty 2nd stage bootloader[0m
[0;32mI (26) boot: compile time Aug 25 2025 06:06:57[0m
[0;32mI (26) boot: Multicore bootloader[0m
[0;32mI (27) boot: chip revision: v0.2[0m
[0;32mI (30) boot: efuse block revision: v1.3[0m
[0;32mI (33) boot.esp32s3: Boot SPI Speed : 80MHz[0m
[0;32mI (37) boot.esp32s3: SPI Mode       : DIO[0m
[0;32mI (41) boot.esp32s3: SPI Flash Size : 2MB[0m
[0;32mI (45) boot: Enabling RNG early entropy source...[0m
[0;32mI (49) boot: Partition Table:[0m
[0;32mI (52) boot: ## Label            Usage          Type ST Offset   Length[0m
[0;32mI (58) boot:  0 nvs              WiFi data        01 02 00009000 00006000[0m
[0;32mI (65) boot:  1 phy_init         RF data          01 01 0000f000 00001000[0m
[0;32mI (71) boot:  2 factory          factory app      00 00 00010000 00100000[0m
[0;32mI (78) boot: End of partition table[0m
[0;32mI (81) esp_image: segment 0: paddr=00010020 vaddr=3c020020 size=0a280h ( 41600) map[0m
[0;32mI (96) esp_image: segment 1: paddr=0001a2a8 vaddr=3fc92300 size=029d8h ( 10712) load[0m
[0;32mI (98) esp_image: segment 2: paddr=0001cc88 vaddr=40374000 size=03390h ( 13200) load[0m
[0;32mI (106) esp_image: segment 3: paddr=00020020 vaddr=42000020 size=17794h ( 96148) map[0m
[0;32mI (128) esp_image: segment 4: paddr=000377bc vaddr=40377390 size=0af50h ( 44880) load[0m
[0;32mI (138) esp_image: segment 5: paddr=00042714 vaddr=600fe100 size=0001ch (    28) load[0m
[0;32mI (144) boot: Loaded app from partition at offset 0x10000[0m
[0;32mI (144) boot: Disabling RNG early entropy source...[0m
[0;32mI (155) cpu_start: Multicore app[0m
[0;32mI (165) cpu_start: Pro cpu start user code[0m
[0;32mI (165) cpu_start: cpu freq: 160000000 Hz[0m
[0;32mI (165) app_init: Application information:[0m
[0;32mI (165) app_init: Project name:     openOCD[0m
[0;32mI (169) app_init: App version:      1[0m
[0;32mI (172) app_init: Compile time:     Aug 25 2025 06:06:27[0m
[0;32mI (177) app_init: ELF file SHA256:  e558ac5b7...[0m
[0;32mI (182) app_init: ESP-IDF:          v5.4.1-dirty[0m
[0;32mI (186) efuse_init: Min chip rev:     v0.0[0m
[0;32mI (190) efuse_init: Max chip rev:     v0.99 [0m
[0;32mI (194) efuse_init: Chip rev:         v0.2[0m
[0;32mI (198) heap_init: Initializing. RAM available for dynamic allocation:[0m
[0;32mI (204) heap_init: At 3FC95598 len 00054178 (336 KiB): RAM[0m
[0;32mI (209) heap_init: At 3FCE9710 len 00005724 (21 KiB): RAM[0m
[0;32mI (214) heap_init: At 3FCF0000 len 00008000 (32 KiB): DRAM[0m
[0;32mI (220) heap_init: At 600FE11C len 00001ECC (7 KiB): RTCRAM[0m
[0;32mI (226) spi_flash: detected chip: generic[0m
[0;32mI (229) spi_flash: flash io: dio[0m
[0;33mW (232) spi_flash: Detected size(8192k) larger than the size in the binary image header(2048k). Using the size in the binary image header.[0m
[0;32mI (244) sleep_gpio: Configure to isolate all GPIO pins in sleep state[0m
[0;32mI (250) sleep_gpio: Enable automatic switching of GPIO sleep configuration[0m
[0;32mI (257) main_task: Started on CPU0[0m
[0;32mI (267) main_task: Calling app_main()[0m

assert failed: xQueueSemaphoreTake queue.c:1713 (pxQueue->uxItemSize == 0)


Backtrace: 0x40375a65:0x3fc98580 0x40379c85:0x3fc985a0 0x40380375:0x3fc985c0 0x4037a29e:0x3fc986e0 0x4037a3ae:0x3fc98720 0x40376a19:0x3fc98740 0x40376af9:0x3fc98770 0x42007235:0x3fc98790 0x4200898e:0x3fc987b0 0x4200ca56:0x3fc987d0 0x42008384:0x3fc987f0 0x4200898e:0x3fc98810 0x4200c49e:0x3fc98830 0x4200bd55:0x3fc98850 0x4200bda6:0x3fc98870 0x4200c357:0x3fc98890 0x420100fb:0x3fc988c0 0x4200fac5:0x3fc988e0 0x4200c427:0x3fc98c00 0x42009408:0x3fc98c50 0x42009413:0x3fc99830 0x4037a471:0x3fc99850




ELF file SHA256: e558ac5b7

Rebooting...
ESP-ROM:esp32s3-20210327
Build:Mar 27 2021
rst:0xc (RTC_SW_CPU_RST),boot:0x8 (SPI_FAST_FLASH_BOOT)
Saved PC:0x403759a4
SPIWP:0xee
mode:DIO, clock div:1
load:0x3fce2810,len:0x15a0
load:0x403c8700,len:0x4
load:0x403c8704,len:0xd20
load:0x403cb700,len:0x2f00
entry 0x403c8928
[0;32mI (26) boot: ESP-IDF v5.4.1-dirty 2nd stage bootloader[0m
[0;32mI (26) boot: compile time Aug 25 2025 06:06:57[0m
[0;32mI (26) boot: Multicore bootloader[0m
[0;32mI (27) boot: chip revision: v0.2[0m
[0;32mI (30) boot: efuse block revision: v1.3[0m
[0;32mI (33) boot.esp32s3: Boot SPI Speed : 80MHz[0m
[0;32mI (37) boot.esp32s3: SPI Mode       : DIO[0m
[0;32mI (41) boot.esp32s3: SPI Flash Size : 2MB[0m
[0;32mI (45) boot: Enabling RNG early entropy source...[0m
[0;32mI (49) boot: Partition Table:[0m
[0;32mI (52) boot: ## Label            Usage          Type ST Offset   Length[0m
[0;32mI (58) boot:  0 nvs              WiFi data        01 02 00009000 00006000[0m
[0;32mI (65) boot:  1 phy_init         RF data          01 01 0000f000 00001000[0m
[0;32mI (71) boot:  2 factory          factory app      00 00 00010000 00100000[0m
[0;32mI (78) boot: End of partition table[0m
[0;32mI (81) esp_image: segment 0: paddr=00010020 vaddr=3c020020 size=0a280h ( 41600) map[0m
[0;32mI (96) esp_image: segment 1: paddr=0001a2a8 vaddr=3fc92300 size=029d8h ( 10712) load[0m
[0;32mI (98) esp_image: segment 2: paddr=0001cc88 vaddr=40374000 size=03390h ( 13200) load[0m
[0;32mI (106) esp_image: segment 3: paddr=00020020 vaddr=42000020 size=17794h ( 96148) map[0m
[0;32mI (128) esp_image: segment 4: paddr=000377bc vaddr=40377390 size=0af50h ( 44880) load[0m
[0;32mI (138) esp_image: segment 5: paddr=00042714 vaddr=600fe100 size=0001ch (    28) load[0m
[0;32mI (144) boot: Loaded app from partition at offset 0x10000[0m
[0;32mI (144) boot: Disabling RNG early entropy source...[0m
[0;32mI (155) cpu_start: Multicore app[0m
[0;32mI (165) cpu_start: Pro cpu start user code[0m
[0;32mI (165) cpu_start: cpu freq: 160000000 Hz[0m
[0;32mI (165) app_init: Application information:[0m
[0;32mI (165) app_init: Project name:     openOCD[0m
[0;32mI (169) app_init: App version:      1[0m
[0;32mI (172) app_init: Compile time:     Aug 25 2025 06:06:27[0m
[0;32mI (177) app_init: ELF file SHA256:  e558ac5b7...[0m
[0;32mI (182) app_init: ESP-IDF:          v5.4.1-dirty[0m
[0;32mI (186) efuse_init: Min chip rev:     v0.0[0m
[0;32mI (190) efuse_init: Max chip rev:     v0.99 [0m
[0;32mI (194) efuse_init: Chip rev:         v0.2[0m
[0;32mI (198) heap_init: Initializing. RAM available for dynamic allocation:[0m
[0;32mI (204) heap_init: At 3FC95598 len 00054178 (336 KiB): RAM[0m
[0;32mI (209) heap_init: At 3FCE9710 len 00005724 (21 KiB): RAM[0m
[0;32mI (214) heap_init: At 3FCF0000 len 00008000 (32 KiB): DRAM[0m
[0;32mI (220) heap_init: At 600FE11C len 00001ECC (7 KiB): RTCRAM[0m
[0;32mI (226) spi_flash: detected chip: generic[0m
[0;32mI (229) spi_flash: flash io: dio[0m
[0;33mW (232) spi_flash: Detected size(8192k) larger than the size in the binary image header(2048k). Using the size in the binary image header.[0m
[0;32mI (244) sleep_gpio: Configure to isolate all GPIO pins in sleep state[0m
[0;32mI (250) sleep_gpio: Enable automatic switching of GPIO sleep configuration[0m
[0;32mI (257) main_task: Started on CPU0[0m
[0;32mI (267) main_task: Calling app_main()[0m

assert failed: xQueueSemaphoreTake queue.c:1713 (pxQueue->uxItemSize == 0)


Backtrace: 0x40375a65:0x3fc98580 0x40379c85:0x3fc985a0 0x40380375:0x3fc985c0 0x4037a29e:0x3fc986e0 0x4037a3ae:0x3fc98720 0x40376a19:0x3fc98740 0x40376af9:0x3fc98770 0x42007235:0x3fc98790 0x4200898e:0x3fc987b0 0x4200ca56:0x3fc987d0 0x42008384:0x3fc987f0 0x4200898e:0x3fc98810 0x4200c49e:0x3fc98830 0x4200bd55:0x3fc98850 0x4200bda6:0x3fc98870 0x4200c357:0x3fc98890 0x420100fb:0x3fc988c0 0x4200fac5:0x3fc988e0 0x4200c427:0x3fc98c00 0x42009408:0x3fc98c50 0x42009413:0x3fc99830 0x4037a471:0x3fc99850




ELF file SHA256: e558ac5b7

Rebooting...
ESP-ROM:esp32s3-20210327
Build:Mar 27 2021
rst:0xc (RTC_SW_CPU_RST),boot:0x8 (SPI_FAST_FLASH_BOOT)
Saved PC:0x403759a4
SPIWP:0xee
mode:DIO, clock div:1
load:0x3fce2810,len:0x15a0
load:0x403c8700,len:0x4
load:0x403c8704,len:0xd20
load:0x403cb700,len:0x2f00
entry 0x403c8928
[0;32mI (26) boot: ESP-IDF v5.4.1-dirty 2nd stage bootloader[0m
[0;32mI (26) boot: compile time Aug 25 2025 06:06:57[0m
[0;32mI (26) boot: Multicore bootloader[0m
[0;32mI (27) boot: chip revision: v0.2[0m
[0;32mI (30) boot: efuse block revision: v1.3[0m
[0;32mI (33) boot.esp32s3: Boot SPI Speed : 80MHz[0m
[0;32mI (37) boot.esp32s3: SPI Mode       : DIO[0m
[0;32mI (41) boot.esp32s3: SPI Flash Size : 2MB[0m
[0;32mI (45) boot: Enabling RNG early entropy source...[0m
[0;32mI (49) boot: Partition Table:[0m
[0;32mI (52) boot: ## Label            Usage          Type ST Offset   Length[0m
[0;32mI (58) boot:  0 nvs              WiFi data        01 02 00009000 00006000[0m
[0;32mI (65) boot:  1 phy_init         RF data          01 01 0000f000 00001000[0m
[0;32mI (71) boot:  2 factory          factory app      00 00 00010000 00100000[0m
[0;32mI (78) boot: End of partition table[0m
[0;32mI (81) esp_image: segment 0: paddr=00010020 vaddr=3c020020 size=0a280h ( 41600) map[0m
[0;32mI (96) esp_image: segment 1: paddr=0001a2a8 vaddr=3fc92300 size=029d8h ( 10712) load[0m
[0;32mI (98) esp_image: segment 2: paddr=0001cc88 vaddr=40374000 size=03390h ( 13200) load[0m
[0;32mI (106) esp_image: segment 3: paddr=00020020 vaddr=42000020 size=17794h ( 96148) map[0m
[0;32mI (128) esp_image: segment 4: paddr=000377bc vaddr=40377390 size=0af50h ( 44880) load[0m
[0;32mI (138) esp_image: segment 5: paddr=00042714 vaddr=600fe100 size=0001ch (    28) load[0m
[0;32mI (144) boot: Loaded app from partition at offset 0x10000[0m
[0;32mI (144) boot: Disabling RNG early entropy source...[0m
[0;32mI (155) cpu_start: Multicore app[0m
[0;32mI (165) cpu_start: Pro cpu start user code[0m
[0;32mI (165) cpu_start: cpu freq: 160000000 Hz[0m
[0;32mI (165) app_init: Application information:[0m
[0;32mI (165) app_init: Project name:     openOCD[0m
[0;32mI (169) app_init: App version:      1[0m
[0;32mI (172) app_init: Compile time:     Aug 25 2025 06:06:27[0m
[0;32mI (177) app_init: ELF file SHA256:  e558ac5b7...[0m
[0;32mI (182) app_init: ESP-IDF:          v5.4.1-dirty[0m
[0;32mI (186) efuse_init: Min chip rev:     v0.0[0m
[0;32mI (190) efuse_init: Max chip rev:     v0.99 [0m
[0;32mI (194) efuse_init: Chip rev:         v0.2[0m
[0;32mI (198) heap_init: Initializing. RAM available for dynamic allocation:[0m
[0;32mI (204) heap_init: At 3FC95598 len 00054178 (336 KiB): RAM[0m
[0;32mI (209) heap_init: At 3FCE9710 len 00005724 (21 KiB): RAM[0m
[0;32mI (214) heap_init: At 3FCF0000 len 00008000 (32 KiB): DRAM[0m
[0;32mI (220) heap_init: At 600FE11C len 00001ECC (7 KiB): RTCRAM[0m
[0;32mI (226) spi_flash: detected chip: generic[0m
[0;32mI (229) spi_flash: flash io: dio[0m
[0;33mW (232) spi_flash: Detected size(8192k) larger than the size in the binary image header(2048k). Using the size in the binary image header.[0m
[0;32mI (244) sleep_gpio: Configure to isolate all GPIO pins in sleep state[0m
[0;32mI (250) sleep_gpio: Enable automatic switching of GPIO sleep configuration[0m
[0;32mI (257) main_task: Started on CPU0[0m
[0;32mI (267) main_task: Calling app_main()[0m

assert failed: xQueueSemaphoreTake queue.c:1713 (pxQueue->uxItemSize == 0)


Backtrace: 0x40375a65:0x3fc98580 0x40379c85:0x3fc985a0 0x40380375:0x3fc985c0 0x4037a29e:0x3fc986e0 0x4037a3ae:0x3fc98720 0x40376a19:0x3fc98740 0x40376af9:0x3fc98770 0x42007235:0x3fc98790 0x4200898e:0x3fc987b0 0x4200ca56:0x3fc987d0 0x42008384:0x3fc987f0 0x4200898e:0x3fc98810 0x4200c49e:0x3fc98830 0x4200bd55:0x3fc98850 0x4200bda6:0x3fc98870 0x4200c357:0x3fc98890 0x420100fb:0x3fc988c0 0x4200fac5:0x3fc988e0 0x4200c427:0x3fc98c00 0x42009408:0x3fc98c50 0x42009413:0x3fc99830 0x4037a471:0x3fc99850




ELF file SHA256: e558ac5b7

Rebooting...
ESP-ROM:esp32s3-20210327
Build:Mar 27 2021
rst:0xc (RTC_SW_CPU_RST),boot:0x8 (SPI_FAST_FLASH_BOOT)
Saved PC:0x403759a4
SPIWP:0xee
mode:DIO, clock div:1
load:0x3fce2810,len:0x15a0
load:0x403c8700,len:0x4
load:0x403c8704,len:0xd20
load:0x403cb700,len:0x2f00
entry 0x403c8928
[0;32mI (26) boot: ESP-IDF v5.4.1-dirty 2nd stage bootloader[0m
[0;32mI (26) boot: compile time Aug 25 2025 06:06:57[0m
[0;32mI (26) boot: Multicore bootloader[0m
[0;32mI (27) boot: chip revision: v0.2[0m
[0;32mI (30) boot: efuse block revision: v1.3[0m
[0;32mI (33) boot.esp32s3: Boot SPI Speed : 80MHz[0m
[0;32mI (37) boot.esp32s3: SPI Mode       : DIO[0m
[0;32mI (41) boot.esp32s3: SPI Flash Size : 2MB[0m
[0;32mI (45) boot: Enabling RNG early entropy source...[0m
[0;32mI (49) boot: Partition Table:[0m
[0;32mI (52) boot: ## Label            Usage          Type ST Offset   Length[0m
[0;32mI (58) boot:  0 nvs              WiFi data        01 02 00009000 00006000[0m
[0;32mI (65) boot:  1 phy_init         RF data          01 01 0000f000 00001000[0m
[0;32mI (71) boot:  2 factory          factory app      00 00 00010000 00100000[0m
[0;32mI (78) boot: End of partition table[0m
[0;32mI (81) esp_image: segment 0: paddr=00010020 vaddr=3c020020 size=0a280h ( 41600) map[0m
[0;32mI (96) esp_image: segment 1: paddr=0001a2a8 vaddr=3fc92300 size=029d8h ( 10712) load[0m
[0;32mI (98) esp_image: segment 2: paddr=0001cc88 vaddr=40374000 size=03390h ( 13200) load[0m
[0;32mI (106) esp_image: segment 3: paddr=00020020 vaddr=42000020 size=17794h ( 96148) map[0m
[0;32mI (128) esp_image: segment 4: paddr=000377bc vaddr=40377390 size=0af50h ( 44880) load[0m
[0;32mI (138) esp_image: segment 5: paddr=00042714 vaddr=600fe100 size=0001ch (    28) load[0m
[0;32mI (144) boot: Loaded app from partition at offset 0x10000[0m
[0;32mI (144) boot: Disabling RNG early entropy source...[0m
[0;32mI (155) cpu_start: Multicore app[0m
[0;32mI (165) cpu_start: Pro cpu start user code[0m
[0;32mI (165) cpu_start: cpu freq: 160000000 Hz[0m
[0;32mI (165) app_init: Application information:[0m
[0;32mI (165) app_init: Project name:     openOCD[0m
[0;32mI (169) app_init: App version:      1[0m
[0;32mI (172) app_init: Compile time:     Aug 25 2025 06:06:27[0m
[0;32mI (177) app_init: ELF file SHA256:  e558ac5b7...[0m
[0;32mI (182) app_init: ESP-IDF:          v5.4.1-dirty[0m
[0;32mI (186) efuse_init: Min chip rev:     v0.0[0m
[0;32mI (190) efuse_init: Max chip rev:     v0.99 [0m
[0;32mI (194) efuse_init: Chip rev:         v0.2[0m
[0;32mI (198) heap_init: Initializing. RAM available for dynamic allocation:[0m
[0;32mI (204) heap_init: At 3FC95598 len 00054178 (336 KiB): RAM[0m
[0;32mI (209) heap_init: At 3FCE9710 len 00005724 (21 KiB): RAM[0m
[0;32mI (214) heap_init: At 3FCF0000 len 00008000 (32 KiB): DRAM[0m
[0;32mI (220) heap_init: At 600FE11C len 00001ECC (7 KiB): RTCRAM[0m
[0;32mI (226) spi_flash: detected chip: generic[0m
[0;32mI (229) spi_flash: flash io: dio[0m
[0;33mW (232) spi_flash: Detected size(8192k) larger than the size in the binary image header(2048k). Using the size in the binary image header.[0m
[0;32mI (244) sleep_gpio: Configure to isolate all GPIO pins in sleep state[0m
[0;32mI (250) sleep_gpio: Enable automatic switching of GPIO sleep configuration[0m
[0;32mI (257) main_task: Started on CPU0[0m
[0;32mI (267) main_task: Calling app_main()[0m

assert failed: xQueueSemaphoreTake queue.c:1713 (pxQueue->uxItemSize == 0)


Backtrace: 0x40375a65:0x3fc98580 0x40379c85:0x3fc985a0 0x40380375:0x3fc985c0 0x4037a29e:0x3fc986e0 0x4037a3ae:0x3fc98720 0x40376a19:0x3fc98740 0x40376af9:0x3fc98770 0x42007235:0x3fc98790 0x4200898e:0x3fc987b0 0x4200ca56:0x3fc987d0 0x42008384:0x3fc987f0 0x4200898e:0x3fc98810 0x4200c49e:0x3fc98830 0x4200bd55:0x3fc98850 0x4200bda6:0x3fc98870 0x4200c357:0x3fc98890 0x420100fb:0x3fc988c0 0x4200fac5:0x3fc988e0 0x4200c427:0x3fc98c00 0x42009408:0x3fc98c50 0x42009413:0x3fc99830 0x4037a471:0x3fc99850




ELF file SHA256: e558ac5b7

Rebooting...
ESP-ROM:esp32s3-20210327
Build:Mar 27 2021
rst:0xc (RTC_SW_CPU_RST),boot:0x8 (SPI_FAST_FLASH_BOOT)
Saved PC:0x403759a4
SPIWP:0xee
mode:DIO, clock div:1
load:0x3fce2810,len:0x15a0
load:0x403c8700,len:0x4
load:0x403c8704,len:0xd20
load:0x403cb700,len:0x2f00
entry 0x403c8928
[0;32mI (26) boot: ESP-IDF v5.4.1-dirty 2nd stage bootloader[0m
[0;32mI (26) boot: compile time Aug 25 2025 06:06:57[0m
[0;32mI (26) boot: Multicore bootloader[0m
[0;32mI (27) boot: chip revision: v0.2[0m
[0;32mI (30) boot: efuse block revision: v1.3[0m
[0;32mI (33) boot.esp32s3: Boot SPI Speed : 80MHz[0m
[0;32mI (37) boot.esp32s3: SPI Mode       : DIO[0m
[0;32mI (41) boot.esp32s3: SPI Flash Size : 2MB[0m
[0;32mI (45) boot: Enabling RNG early entropy source...[0m
[0;32mI (49) boot: Partition Table:[0m
[0;32mI (52) boot: ## Label            Usage          Type ST Offset   Length[0m
[0;32mI (58) boot:  0 nvs              WiFi data        01 02 00009000 00006000[0m
[0;32mI (65) boot:  1 phy_init         RF data          01 01 0000f000 00001000[0m
[0;32mI (71) boot:  2 factory          factory app      00 00 00010000 00100000[0m
[0;32mI (78) boot: End of partition table[0m
[0;32mI (81) esp_image: segment 0: paddr=00010020 vaddr=3c020020 size=0a280h ( 41600) map[0m
[0;32mI (96) esp_image: segment 1: paddr=0001a2a8 vaddr=3fc92300 size=029d8h ( 10712) load[0m
[0;32mI (98) esp_image: segment 2: paddr=0001cc88 vaddr=40374000 size=03390h ( 13200) load[0m
[0;32mI (106) esp_image: segment 3: paddr=00020020 vaddr=42000020 size=17794h ( 96148) map[0m
[0;32mI (128) esp_image: segment 4: paddr=000377bc vaddr=40377390 size=0af50h ( 44880) load[0m
[0;32mI (138) esp_image: segment 5: paddr=00042714 vaddr=600fe100 size=0001ch (    28) load[0m
[0;32mI (144) boot: Loaded app from partition at offset 0x10000[0m
[0;32mI (144) boot: Disabling RNG early entropy source...[0m
[0;32mI (155) cpu_start: Multicore app[0m
[0;32mI (165) cpu_start: Pro cpu start user code[0m
[0;32mI (165) cpu_start: cpu freq: 160000000 Hz[0m
[0;32mI (165) app_init: Application information:[0m
[0;32mI (165) app_init: Project name:     openOCD[0m
[0;32mI (169) app_init: App version:      1[0m
[0;32mI (172) app_init: Compile time:     Aug 25 2025 06:06:27[0m
[0;32mI (177) app_init: ELF file SHA256:  e558ac5b7...[0m
[0;32mI (182) app_init: ESP-IDF:          v5.4.1-dirty[0m
[0;32mI (186) efuse_init: Min chip rev:     v0.0[0m
[0;32mI (190) efuse_init: Max chip rev:     v0.99 [0m
[0;32mI (194) efuse_init: Chip rev:         v0.2[0m
[0;32mI (198) heap_init: Initializing. RAM available for dynamic allocation:[0m
[0;32mI (204) heap_init: At 3FC95598 len 00054178 (336 KiB): RAM[0m
[0;32mI (209) heap_init: At 3FCE9710 len 00005724 (21 KiB): RAM[0m
[0;32mI (214) heap_init: At 3FCF0000 len 00008000 (32 KiB): DRAM[0m
[0;32mI (220) heap_init: At 600FE11C len 00001ECC (7 KiB): RTCRAM[0m
[0;32mI (226) spi_flash: detected chip: generic[0m
[0;32mI (229) spi_flash: flash io: dio[0m
[0;33mW (232) spi_flash: Detected size(8192k) larger than the size in the binary image header(2048k). Using the size in the binary image header.[0m
[0;32mI (244) sleep_gpio: Configure to isolate all GPIO pins in sleep state[0m
[0;32mI (250) sleep_gpio: Enable automatic switching of GPIO sleep configuration[0m
[0;32mI (257) main_task: Started on CPU0[0m
[0;32mI (267) main_task: Calling app_main()[0m

assert failed: xQueueSemaphoreTake queue.c:1713 (pxQueue->uxItemSize == 0)


Backtrace: 0x40375a65:0x3fc98580 0x40379c85:0x3fc985a0 0x40380375:0x3fc985c0 0x4037a29e:0x3fc986e0 0x4037a3ae:0x3fc98720 0x40376a19:0x3fc98740 0x40376af9:0x3fc98770 0x42007235:0x3fc98790 0x4200898e:0x3fc987b0 0x4200ca56:0x3fc987d0 0x42008384:0x3fc987f0 0x4200898e:0x3fc98810 0x4200c49e:0x3fc98830 0x4200bd55:0x3fc98850 0x4200bda6:0x3fc98870 0x4200c357:0x3fc98890 0x420100fb:0x3fc988c0 0x4200fac5:0x3fc988e0 0x4200c427:0x3fc98c00 0x42009408:0x3fc98c50 0x42009413:0x3fc99830 0x4037a471:0x3fc99850




ELF file SHA256: e558ac5b7

Rebooting...
ESP-ROM:esp32s3-20210327
Build:Mar 27 2021
rst:0xc (RTC_SW_CPU_RST),boot:0x8 (SPI_FAST_FLASH_BOOT)
Saved PC:0x403759a4
SPIWP:0xee
mode:DIO, clock div:1
load:0x3fce2810,len:0x15a0
load:0x403c8700,len:0x4
load:0x403c8704,len:0xd20
load:0x403cb700,len:0x2f00
entry 0x403c8928
[0;32mI (26) boot: ESP-IDF v5.4.1-dirty 2nd stage bootloader[0m
[0;32mI (26) boot: compile time Aug 25 2025 06:06:57[0m
[0;32mI (26) boot: Multicore bootloader[0m
[0;32mI (27) boot: chip revision: v0.2[0m
[0;32mI (30) boot: efuse block revision: v1.3[0m
[0;32mI (33) boot.esp32s3: Boot SPI Speed : 80MHz[0m
[0;32mI (37) boot.esp32s3: SPI Mode       : DIO[0m
[0;32mI (41) boot.esp32s3: SPI Flash Size : 2MB[0m
[0;32mI (45) boot: Enabling RNG early entropy source...[0m
[0;32mI (49) boot: Partition Table:[0m
[0;32mI (52) boot: ## Label            Usage          Type ST Offset   Length[0m
[0;32mI (58) boot:  0 nvs              WiFi data        01 02 00009000 00006000[0m
[0;32mI (65) boot:  1 phy_init         RF data          01 01 0000f000 00001000[0m
[0;32mI (71) boot:  2 factory          factory app      00 00 00010000 00100000[0m
[0;32mI (78) boot: End of partition table[0m
[0;32mI (81) esp_image: segment 0: paddr=00010020 vaddr=3c020020 size=0a280h ( 41600) map[0m
[0;32mI (96) esp_image: segment 1: paddr=0001a2a8 vaddr=3fc92300 size=029d8h ( 10712) load[0m
[0;32mI (98) esp_image: segment 2: paddr=0001cc88 vaddr=40374000 size=03390h ( 13200) load[0m
[0;32mI (106) esp_image: segment 3: paddr=00020020 vaddr=42000020 size=17794h ( 96148) map[0m
[0;32mI (128) esp_image: segment 4: paddr=000377bc vaddr=40377390 size=0af50h ( 44880) load[0m
[0;32mI (138) esp_image: segment 5: paddr=00042714 vaddr=600fe100 size=0001ch (    28) load[0m
[0;32mI (144) boot: Loaded app from partition at offset 0x10000[0m
[0;32mI (144) boot: Disabling RNG early entropy source...[0m
[0;32mI (155) cpu_start: Multicore app[0m
[0;32mI (165) cpu_start: Pro cpu start user code[0m
[0;32mI (165) cpu_start: cpu freq: 160000000 Hz[0m
[0;32mI (165) app_init: Application information:[0m
[0;32mI (165) app_init: Project name:     openOCD[0m
[0;32mI (169) app_init: App version:      1[0m
[0;32mI (172) app_init: Compile time:     Aug 25 2025 06:06:27[0m
[0;32mI (177) app_init: ELF file SHA256:  e558ac5b7...[0m
[0;32mI (182) app_init: ESP-IDF:          v5.4.1-dirty[0m
[0;32mI (186) efuse_init: Min chip rev:     v0.0[0m
[0;32mI (190) efuse_init: Max chip rev:     v0.99 [0m
[0;32mI (194) efuse_init: Chip rev:         v0.2[0m
[0;32mI (198) heap_init: Initializing. RAM available for dynamic allocation:[0m
[0;32mI (204) heap_init: At 3FC95598 len 00054178 (336 KiB): RAM[0m
[0;32mI (209) heap_init: At 3FCE9710 len 00005724 (21 KiB): RAM[0m
[0;32mI (214) heap_init: At 3FCF0000 len 00008000 (32 KiB): DRAM[0m
[0;32mI (220) heap_init: At 600FE11C len 00001ECC (7 KiB): RTCRAM[0m
[0;32mI (226) spi_flash: detected chip: generic[0m
[0;32mI (229) spi_flash: flash io: dio[0m
[0;33mW (232) spi_flash: Detected size(8192k) larger than the size in the binary image header(2048k). Using the size in the binary image header.[0m
[0;32mI (244) sleep_gpio: Configure to isolate all GPIO pins in sleep state[0m
[0;32mI (250) sleep_gpio: Enable automatic switching of GPIO sleep configuration[0m
[0;32mI (257) main_task: Started on CPU0[0m
[0;32mI (267) main_task: Calling app_main()[0m

assert failed: xQueueSemaphoreTake queue.c:1713 (pxQueue->uxItemSize == 0)


Backtrace: 0x40375a65:0x3fc98580 0x40379c85:0x3fc985a0 0x40380375:0x3fc985c0 0x4037a29e:0x3fc986e0 0x4037a3ae:0x3fc98720 0x40376a19:0x3fc98740 0x40376af9:0x3fc98770 0x42007235:0x3fc98790 0x4200898e:0x3fc987b0 0x4200ca56:0x3fc987d0 0x42008384:0x3fc987f0 0x4200898e:0x3fc98810 0x4200c49e:0x3fc98830 0x4200bd55:0x3fc98850 0x4200bda6:0x3fc98870 0x4200c357:0x3fc98890 0x420100fb:0x3fc988c0 0x4200fac5:0x3fc988e0 0x4200c427:0x3fc98c00 0x42009408:0x3fc98c50 0x42009413:0x3fc99830 0x4037a471:0x3fc99850




ELF file SHA256: e558ac5b7

Rebooting...
ESP-ROM:esp32s3-20210327
Build:Mar 27 2021
rst:0xc (RTC_SW_CPU_RST),boot:0x8 (SPI_FAST_FLASH_BOOT)
Saved PC:0x403759a4
SPIWP:0xee
mode:DIO, clock div:1
load:0x3fce2810,len:0x15a0
load:0x403c8700,len:0x4
load:0x403c8704,len:0xd20
load:0x403cb700,len:0x2f00
entry 0x403c8928
[0;32mI (26) boot: ESP-IDF v5.4.1-dirty 2nd stage bootloader[0m
[0;32mI (26) boot: compile time Aug 25 2025 06:06:57[0m
[0;32mI (26) boot: Multicore bootloader[0m
[0;32mI (27) boot: chip revision: v0.2[0m
[0;32mI (30) boot: efuse block revision: v1.3[0m
[0;32mI (33) boot.esp32s3: Boot SPI Speed : 80MHz[0m
[0;32mI (37) boot.esp32s3: SPI Mode       : DIO[0m
[0;32mI (41) boot.esp32s3: SPI Flash Size : 2MB[0m
[0;32mI (45) boot: Enabling RNG early entropy source...[0m
[0;32mI (49) boot: Partition Table:[0m
[0;32mI (52) boot: ## Label            Usage          Type ST Offset   Length[0m
[0;32mI (58) boot:  0 nvs              WiFi data        01 02 00009000 00006000[0m
[0;32mI (65) boot:  1 phy_init         RF data          01 01 0000f000 00001000[0m
[0;32mI (71) boot:  2 factory          factory app      00 00 00010000 00100000[0m
[0;32mI (78) boot: End of partition table[0m
[0;32mI (81) esp_image: segment 0: paddr=00010020 vaddr=3c020020 size=0a280h ( 41600) map[0m
[0;32mI (96) esp_image: segment 1: paddr=0001a2a8 vaddr=3fc92300 size=029d8h ( 10712) load[0m
[0;32mI (98) esp_image: segment 2: paddr=0001cc88 vaddr=40374000 size=03390h ( 13200) load[0m
[0;32mI (106) esp_image: segment 3: paddr=00020020 vaddr=42000020 size=17794h ( 96148) map[0m
[0;32mI (128) esp_image: segment 4: paddr=000377bc vaddr=40377390 size=0af50h ( 44880) load[0m
[0;32mI (138) esp_image: segment 5: paddr=00042714 vaddr=600fe100 size=0001ch (    28) load[0m
[0;32mI (144) boot: Loaded app from partition at offset 0x10000[0m
[0;32mI (144) boot: Disabling RNG early entropy source...[0m
[0;32mI (155) cpu_start: Multicore app[0m
[0;32mI (165) cpu_start: Pro cpu start user code[0m
[0;32mI (165) cpu_start: cpu freq: 160000000 Hz[0m
[0;32mI (165) app_init: Application information:[0m
[0;32mI (165) app_init: Project name:     openOCD[0m
[0;32mI (169) app_init: App version:      1[0m
[0;32mI (172) app_init: Compile time:     Aug 25 2025 06:06:27[0m
[0;32mI (177) app_init: ELF file SHA256:  e558ac5b7...[0m
[0;32mI (182) app_init: ESP-IDF:          v5.4.1-dirty[0m
[0;32mI (186) efuse_init: Min chip rev:     v0.0[0m
[0;32mI (190) efuse_init: Max chip rev:     v0.99 [0m
[0;32mI (194) efuse_init: Chip rev:         v0.2[0m
[0;32mI (198) heap_init: Initializing. RAM available for dynamic allocation:[0m
[0;32mI (204) heap_init: At 3FC95598 len 00054178 (336 KiB): RAM[0m
[0;32mI (209) heap_init: At 3FCE9710 len 00005724 (21 KiB): RAM[0m
[0;32mI (214) heap_init: At 3FCF0000 len 00008000 (32 KiB): DRAM[0m
[0;32mI (220) heap_init: At 600FE11C len 00001ECC (7 KiB): RTCRAM[0m
[0;32mI (226) spi_flash: detected chip: generic[0m
[0;32mI (229) spi_flash: flash io: dio[0m
[0;33mW (232) spi_flash: Detected size(8192k) larger than the size in the binary image header(2048k). Using the size in the binary image header.[0m
[0;32mI (244) sleep_gpio: Configure to isolate all GPIO pins in sleep state[0m
[0;32mI (250) sleep_gpio: Enable automatic switching of GPIO sleep configuration[0m
[0;32mI (257) main_task: Started on CPU0[0m
[0;32mI (267) main_task: Calling app_main()[0m

assert failed: xQueueSemaphoreTake queue.c:1713 (pxQueue->uxItemSize == 0)


Backtrace: 0x40375a65:0x3fc98580 0x40379c85:0x3fc985a0 0x40380375:0x3fc985c0 0x4037a29e:0x3fc986e0 0x4037a3ae:0x3fc98720 0x40376a19:0x3fc98740 0x40376af9:0x3fc98770 0x42007235:0x3fc98790 0x4200898e:0x3fc987b0 0x4200ca56:0x3fc987d0 0x42008384:0x3fc987f0 0x4200898e:0x3fc98810 0x4200c49e:0x3fc98830 0x4200bd55:0x3fc98850 0x4200bda6:0x3fc98870 0x4200c357:0x3fc98890 0x420100fb:0x3fc988c0 0x4200fac5:0x3fc988e0 0x4200c427:0x3fc98c00 0x42009408:0x3fc98c50 0x42009413:0x3fc99830 0x4037a471:0x3fc99850




ELF file SHA256: e558ac5b7

Rebooting...
ESP-ROM:esp32s3-20210327
Build:Mar 27 2021
rst:0xc (RTC_SW_CPU_RST),boot:0x8 (SPI_FAST_FLASH_BOOT)
Saved PC:0x403759a4
SPIWP:0xee
mode:DIO, clock div:1
load:0x3fce2810,len:0x15a0
load:0x403c8700,len:0x4
load:0x403c8704,len:0xd20
load:0x403cb700,len:0x2f00
entry 0x403c8928
[0;32mI (26) boot: ESP-IDF v5.4.1-dirty 2nd stage bootloader[0m
[0;32mI (26) boot: compile time Aug 25 2025 06:06:57[0m
[0;32mI (26) boot: Multicore bootloader[0m
[0;32mI (27) boot: chip revision: v0.2[0m
[0;32mI (30) boot: efuse block revision: v1.3[0m
[0;32mI (33) boot.esp32s3: Boot SPI Speed : 80MHz[0m
[0;32mI (37) boot.esp32s3: SPI Mode       : DIO[0m
[0;32mI (41) boot.esp32s3: SPI Flash Size : 2MB[0m
[0;32mI (45) boot: Enabling RNG early entropy source...[0m
[0;32mI (49) boot: Partition Table:[0m
[0;32mI (52) boot: ## Label            Usage          Type ST Offset   Length[0m
[0;32mI (58) boot:  0 nvs              WiFi data        01 02 00009000 00006000[0m
[0;32mI (65) boot:  1 phy_init         RF data          01 01 0000f000 00001000[0m
[0;32mI (71) boot:  2 factory          factory app      00 00 00010000 00100000[0m
[0;32mI (78) boot: End of partition table[0m
[0;32mI (81) esp_image: segment 0: paddr=00010020 vaddr=3c020020 size=0a280h ( 41600) map[0m
[0;32mI (96) esp_image: segment 1: paddr=0001a2a8 vaddr=3fc92300 size=029d8h ( 10712) load[0m
[0;32mI (98) esp_image: segment 2: paddr=0001cc88 vaddr=40374000 size=03390h ( 13200) load[0m
[0;32mI (106) esp_image: segment 3: paddr=00020020 vaddr=42000020 size=17794h ( 96148) map[0m
[0;32mI (128) esp_image: segment 4: paddr=000377bc vaddr=40377390 size=0af50h ( 44880) load[0m
[0;32mI (138) esp_image: segment 5: paddr=00042714 vaddr=600fe100 size=0001ch (    28) load[0m
[0;32mI (144) boot: Loaded app from partition at offset 0x10000[0m
[0;32mI (144) boot: Disabling RNG early entropy source...[0m
[0;32mI (155) cpu_start: Multicore app[0m
[0;32mI (165) cpu_start: Pro cpu start user code[0m
[0;32mI (165) cpu_start: cpu freq: 160000000 Hz[0m
[0;32mI (165) app_init: Application information:[0m
[0;32mI (165) app_init: Project name:     openOCD[0m
[0;32mI (169) app_init: App version:      1[0m
[0;32mI (172) app_init: Compile time:     Aug 25 2025 06:06:27[0m
[0;32mI (177) app_init: ELF file SHA256:  e558ac5b7...[0m
[0;32mI (182) app_init: ESP-IDF:          v5.4.1-dirty[0m
[0;32mI (186) efuse_init: Min chip rev:     v0.0[0m
[0;32mI (190) efuse_init: Max chip rev:     v0.99 [0m
[0;32mI (194) efuse_init: Chip rev:         v0.2[0m
[0;32mI (198) heap_init: Initializing. RAM available for dynamic allocation:[0m
[0;32mI (204) heap_init: At 3FC95598 len 00054178 (336 KiB): RAM[0m
[0;32mI (209) heap_init: At 3FCE9710 len 00005724 (21 KiB): RAM[0m
[0;32mI (214) heap_init: At 3FCF0000 len 00008000 (32 KiB): DRAM[0m
[0;32mI (220) heap_init: At 600FE11C len 00001ECC (7 KiB): RTCRAM[0m
[0;32mI (226) spi_flash: detected chip: generic[0m
[0;32mI (229) spi_flash: flash io: dio[0m
[0;33mW (232) spi_flash: Detected size(8192k) larger than the size in the binary image header(2048k). Using the size in the binary image header.[0m
[0;32mI (244) sleep_gpio: Configure to isolate all GPIO pins in sleep state[0m
[0;32mI (250) sleep_gpio: Enable automatic switching of GPIO sleep configuration[0m
[0;32mI (257) main_task: Started on CPU0[0m
[0;32mI (267) main_task: Calling app_main()[0m

assert failed: xQueueSemaphoreTake queue.c:1713 (pxQueue->uxItemSize == 0)


Backtrace: 0x40375a65:0x3fc98580 0x40379c85:0x3fc985a0 0x40380375:0x3fc985c0 0x4037a29e:0x3fc986e0 0x4037a3ae:0x3fc98720 0x40376a19:0x3fc98740 0x40376af9:0x3fc98770 0x42007235:0x3fc98790 0x4200898e:0x3fc987b0 0x4200ca56:0x3fc987d0 0x42008384:0x3fc987f0 0x4200898e:0x3fc98810 0x4200c49e:0x3fc98830 0x4200bd55:0x3fc98850 0x4200bda6:0x3fc98870 0x4200c357:0x3fc98890 0x420100fb:0x3fc988c0 0x4200fac5:0x3fc988e0 0x4200c427:0x3fc98c00 0x42009408:0x3fc98c50 0x42009413:0x3fc99830 0x4037a471:0x3fc99850




ELF file SHA256: e558ac5b7

Rebooting...
ESP-ROM:esp32s3-20210327
Build:Mar 27 2021
rst:0xc (RTC_SW_CPU_RST),boot:0x8 (SPI_FAST_FLASH_BOOT)
Saved PC:0x403759a4
SPIWP:0xee
mode:DIO, clock div:1
load:0x3fce2810,len:0x15a0
load:0x403c8700,len:0x4
load:0x403c8704,len:0xd20
load:0x403cb700,len:0x2f00
entry 0x403c8928
[0;32mI (26) boot: ESP-IDF v5.4.1-dirty 2nd stage bootloader[0m
[0;32mI (26) boot: compile time Aug 25 2025 06:06:57[0m
[0;32mI (26) boot: Multicore bootloader[0m
[0;32mI (27) boot: chip revision: v0.2[0m
[0;32mI (30) boot: efuse block revision: v1.3[0m
[0;32mI (33) boot.esp32s3: Boot SPI Speed : 80MHz[0m
[0;32mI (37) boot.esp32s3: SPI Mode       : DIO[0m
[0;32mI (41) boot.esp32s3: SPI Flash Size : 2MB[0m
[0;32mI (45) boot: Enabling RNG early entropy source...[0m
[0;32mI (49) boot: Partition Table:[0m
[0;32mI (52) boot: ## Label            Usage          Type ST Offset   Length[0m
[0;32mI (58) boot:  0 nvs              WiFi data        01 02 00009000 00006000[0m
[0;32mI (65) boot:  1 phy_init         RF data          01 01 0000f000 00001000[0m
[0;32mI (71) boot:  2 factory          factory app      00 00 00010000 00100000[0m
[0;32mI (78) boot: End of partition table[0m
[0;32mI (81) esp_image: segment 0: paddr=00010020 vaddr=3c020020 size=0a280h ( 41600) map[0m
[0;32mI (96) esp_image: segment 1: paddr=0001a2a8 vaddr=3fc92300 size=029d8h ( 10712) load[0m
[0;32mI (98) esp_image: segment 2: paddr=0001cc88 vaddr=40374000 size=03390h ( 13200) load[0m
[0;32mI (106) esp_image: segment 3: paddr=00020020 vaddr=42000020 size=17794h ( 96148) map[0m
[0;32mI (128) esp_image: segment 4: paddr=000377bc vaddr=40377390 size=0af50h ( 44880) load[0m
[0;32mI (138) esp_image: segment 5: paddr=00042714 vaddr=600fe100 size=0001ch (    28) load[0m
[0;32mI (144) boot: Loaded app from partition at offset 0x10000[0m
[0;32mI (144) boot: Disabling RNG early entropy source...[0m
[0;32mI (155) cpu_start: Multicore app[0m
[0;32mI (165) cpu_start: Pro cpu start user code[0m
[0;32mI (165) cpu_start: cpu freq: 160000000 Hz[0m
[0;32mI (165) app_init: Application information:[0m
[0;32mI (166) app_init: Project name:     openOCD[0m
[0;32mI (169) app_init: App version:      1[0m
[0;32mI (172) app_init: Compile time:     Aug 25 2025 06:06:27[0m
[0;32mI (177) app_init: ELF file SHA256:  e558ac5b7...[0m
[0;32mI (182) app_init: ESP-IDF:          v5.4.1-dirty[0m
[0;32mI (186) efuse_init: Min chip rev:     v0.0[0m
[0;32mI (190) efuse_init: Max chip rev:     v0.99 [0m
[0;32mI (194) efuse_init: Chip rev:         v0.2[0m
[0;32mI (198) heap_init: Initializing. RAM available for dynamic allocation:[0m
[0;32mI (204) heap_init: At 3FC95598 len 00054178 (336 KiB): RAM[0m
[0;32mI (209) heap_init: At 3FCE9710 len 00005724 (21 KiB): RAM[0m
[0;32mI (214) heap_init: At 3FCF0000 len 00008000 (32 KiB): DRAM[0m
[0;32mI (220) heap_init: At 600FE11C len 00001ECC (7 KiB): RTCRAM[0m
[0;32mI (226) spi_flash: detected chip: generic[0m
[0;32mI (229) spi_flash: flash io: dio[0m
[0;33mW (232) spi_flash: Detected size(8192k) larger than the size in the binary image header(2048k). Using the size in the binary image header.[0m
[0;32mI (244) sleep_gpio: Configure to isolate all GPIO pins in sleep state[0m
[0;32mI (250) sleep_gpio: Enable automatic switching of GPIO sleep configuration[0m
[0;32mI (257) main_task: Started on CPU0[0m
[0;32mI (267) main_task: Calling app_main()[0m

assert failed: xQueueSemaphoreTake queue.c:1713 (pxQueue->uxItemSize == 0)


Backtrace: 0x40375a65:0x3fc98580 0x40379c85:0x3fc985a0 0x40380375:0x3fc985c0 0x4037a29e:0x3fc986e0 0x4037a3ae:0x3fc98720 0x40376a19:0x3fc98740 0x40376af9:0x3fc98770 0x42007235:0x3fc98790 0x4200898e:0x3fc987b0 0x4200ca56:0x3fc987d0 0x42008384:0x3fc987f0 0x4200898e:0x3fc98810 0x4200c49e:0x3fc98830 0x4200bd55:0x3fc98850 0x4200bda6:0x3fc98870 0x4200c357:0x3fc98890 0x420100fb:0x3fc988c0 0x4200fac5:0x3fc988e0 0x4200c427:0x3fc98c00 0x42009408:0x3fc98c50 0x42009413:0x3fc99830 0x4037a471:0x3fc99850




ELF file SHA256: e558ac5b7

Rebooting...
ESP-ROM:esp32s3-20210327
Build:Mar 27 2021
rst:0xc (RTC_SW_CPU_RST),boot:0x8 (SPI_FAST_FLASH_BOOT)
Saved PC:0x403759a4
SPIWP:0xee
mode:DIO, clock div:1
load:0x3fce2810,len:0x15a0
load:0x403c8700,len:0x4
load:0x403c8704,len:0xd20
load:0x403cb700,len:0x2f00
entry 0x403c8928
[0;32mI (26) boot: ESP-IDF v5.4.1-dirty 2nd stage bootloader[0m
[0;32mI (26) boot: compile time Aug 25 2025 06:06:57[0m
[0;32mI (26) boot: Multicore bootloader[0m
[0;32mI (27) boot: chip revision: v0.2[0m
[0;32mI (30) boot: efuse block revision: v1.3[0m
[0;32mI (33) boot.esp32s3: Boot SPI Speed : 80MHz[0m
[0;32mI (37) boot.esp32s3: SPI Mode       : DIO[0m
[0;32mI (41) boot.esp32s3: SPI Flash Size : 2MB[0m
[0;32mI (45) boot: Enabling RNG early entropy source...[0m
[0;32mI (49) boot: Partition Table:[0m
[0;32mI (52) boot: ## Label            Usage          Type ST Offset   Length[0m
[0;32mI (58) boot:  0 nvs              WiFi data        01 02 00009000 00006000[0m
[0;32mI (65) boot:  1 phy_init         RF data          01 01 0000f000 00001000[0m
[0;32mI (71) boot:  2 factory          factory app      00 00 00010000 00100000[0m
[0;32mI (78) boot: End of partition table[0m
[0;32mI (81) esp_image: segment 0: paddr=00010020 vaddr=3c020020 size=0a280h ( 41600) map[0m
[0;32mI (96) esp_image: segment 1: paddr=0001a2a8 vaddr=3fc92300 size=029d8h ( 10712) load[0m
[0;32mI (98) esp_image: segment 2: paddr=0001cc88 vaddr=40374000 size=03390h ( 13200) load[0m
[0;32mI (106) esp_image: segment 3: paddr=00020020 vaddr=42000020 size=17794h ( 96148) map[0m
[0;32mI (128) esp_image: segment 4: paddr=000377bc vaddr=40377390 size=0af50h ( 44880) load[0m
[0;32mI (138) esp_image: segment 5: paddr=00042714 vaddr=600fe100 size=0001ch (    28) load[0m
[0;32mI (144) boot: Loaded app from partition at offset 0x10000[0m
[0;32mI (144) boot: Disabling RNG early entropy source...[0m
[0;32mI (155) cpu_start: Multicore app[0m
[0;32mI (165) cpu_start: Pro cpu start user code[0m
[0;32mI (165) cpu_start: cpu freq: 160000000 Hz[0m
[0;32mI (165) app_init: Application information:[0m
[0;32mI (165) app_init: Project name:     openOCD[0m
[0;32mI (169) app_init: App version:      1[0m
[0;32mI (172) app_init: Compile time:     Aug 25 2025 06:06:27[0m
[0;32mI (177) app_init: ELF file SHA256:  e558ac5b7...[0m
[0;32mI (182) app_init: ESP-IDF:          v5.4.1-dirty[0m
[0;32mI (186) efuse_init: Min chip rev:     v0.0[0m
[0;32mI (190) efuse_init: Max chip rev:     v0.99 [0m
[0;32mI (194) efuse_init: Chip rev:         v0.2[0m
[0;32mI (198) heap_init: Initializing. RAM available for dynamic allocation:[0m
[0;32mI (204) heap_init: At 3FC95598 len 00054178 (336 KiB): RAM[0m
[0;32mI (209) heap_init: At 3FCE9710 len 00005724 (21 KiB): RAM[0m
[0;32mI (214) heap_init: At 3FCF0000 len 00008000 (32 KiB): DRAM[0m
[0;32mI (220) heap_init: At 600FE11C len 00001ECC (7 KiB): RTCRAM[0m
[0;32mI (226) spi_flash: detected chip: generic[0m
[0;32mI (229) spi_flash: flash io: dio[0m
[0;33mW (232) spi_flash: Detected size(8192k) larger than the size in the binary image header(2048k). Using the size in the binary image header.[0m
[0;32mI (244) sleep_gpio: Configure to isolate all GPIO pins in sleep state[0m
[0;32mI (250) sleep_gpio: Enable automatic switching of GPIO sleep configuration[0m
[0;32mI (257) main_task: Started on CPU0[0m
[0;32mI (267) main_task: Calling app_main()[0m

assert failed: xQueueSemaphoreTake queue.c:1713 (pxQueue->uxItemSize == 0)


Backtrace: 0x40375a65:0x3fc98580 0x40379c85:0x3fc985a0 0x40380375:0x3fc985c0 0x4037a29e:0x3fc986e0 0x4037a3ae:0x3fc98720 0x40376a19:0x3fc98740 0x40376af9:0x3fc98770 0x42007235:0x3fc98790 0x4200898e:0x3fc987b0 0x4200ca56:0x3fc987d0 0x42008384:0x3fc987f0 0x4200898e:0x3fc98810 0x4200c49e:0x3fc98830 0x4200bd55:0x3fc98850 0x4200bda6:0x3fc98870 0x4200c357:0x3fc98890 0x420100fb:0x3fc988c0 0x4200fac5:0x3fc988e0 0x4200c427:0x3fc98c00 0x42009408:0x3fc98c50 0x42009413:0x3fc99830 0x4037a471:0x3fc99850




ELF file SHA256: e558ac5b7

Rebooting...
ESP-ROM:esp32s3-20210327
Build:Mar 27 2021
rst:0xc (RTC_SW_CPU_RST),boot:0x8 (SPI_FAST_FLASH_BOOT)
Saved PC:0x403759a4
SPIWP:0xee
mode:DIO, clock div:1
load:0x3fce2810,len:0x15a0
load:0x403c8700,len:0x4
load:0x403c8704,len:0xd20
load:0x403cb700,len:0x2f00
entry 0x403c8928
[0;32mI (26) boot: ESP-IDF v5.4.1-dirty 2nd stage bootloader[0m
[0;32mI (26) boot: compile time Aug 25 2025 06:06:57[0m
[0;32mI (26) boot: Multicore bootloader[0m
[0;32mI (27) boot: chip revision: v0.2[0m
[0;32mI (30) boot: efuse block revision: v1.3[0m
[0;32mI (33) boot.esp32s3: Boot SPI Speed : 80MHz[0m
[0;32mI (37) boot.esp32s3: SPI Mode       : DIO[0m
[0;32mI (41) boot.esp32s3: SPI Flash Size : 2MB[0m
[0;32mI (45) boot: Enabling RNG early entropy source...[0m
[0;32mI (49) boot: Partition Table:[0m
[0;32mI (52) boot: ## Label            Usage          Type ST Offset   Length[0m
[0;32mI (58) boot:  0 nvs              WiFi data        01 02 00009000 00006000[0m
[0;32mI (65) boot:  1 phy_init         RF data          01 01 0000f000 00001000[0m
[0;32mI (71) boot:  2 factory          factory app      00 00 00010000 00100000[0m
[0;32mI (78) boot: End of partition table[0m
[0;32mI (81) esp_image: segment 0: paddr=00010020 vaddr=3c020020 size=0a280h ( 41600) map[0m
[0;32mI (96) esp_image: segment 1: paddr=0001a2a8 vaddr=3fc92300 size=029d8h ( 10712) load[0m
[0;32mI (98) esp_image: segment 2: paddr=0001cc88 vaddr=40374000 size=03390h ( 13200) load[0m
[0;32mI (106) esp_image: segment 3: paddr=00020020 vaddr=42000020 size=17794h ( 96148) map[0m
[0;32mI (128) esp_image: segment 4: paddr=000377bc vaddr=40377390 size=0af50h ( 44880) load[0m
[0;32mI (138) esp_image: segment 5: paddr=00042714 vaddr=600fe100 size=0001ch (    28) load[0m
[0;32mI (144) boot: Loaded app from partition at offset 0x10000[0m
[0;32mI (144) boot: Disabling RNG early entropy source...[0m
[0;32mI (155) cpu_start: Multicore app[0m
[0;32mI (165) cpu_start: Pro cpu start user code[0m
[0;32mI (165) cpu_start: cpu freq: 160000000 Hz[0m
[0;32mI (165) app_init: Application information:[0m
[0;32mI (165) app_init: Project name:     openOCD[0m
[0;32mI (169) app_init: App version:      1[0m
[0;32mI (172) app_init: Compile time:     Aug 25 2025 06:06:27[0m
[0;32mI (177) app_init: ELF file SHA256:  e558ac5b7...[0m
[0;32mI (182) app_init: ESP-IDF:          v5.4.1-dirty[0m
[0;32mI (186) efuse_init: Min chip rev:     v0.0[0m
[0;32mI (190) efuse_init: Max chip rev:     v0.99 [0m
[0;32mI (194) efuse_init: Chip rev:         v0.2[0m
[0;32mI (198) heap_init: Initializing. RAM available for dynamic allocation:[0m
[0;32mI (204) heap_init: At 3FC95598 len 00054178 (336 KiB): RAM[0m
[0;32mI (209) heap_init: At 3FCE9710 len 00005724 (21 KiB): RAM[0m
[0;32mI (214) heap_init: At 3FCF0000 len 00008000 (32 KiB): DRAM[0m
[0;32mI (220) heap_init: At 600FE11C len 00001ECC (7 KiB): RTCRAM[0m
[0;32mI (226) spi_flash: detected chip: generic[0m
[0;32mI (229) spi_flash: flash io: dio[0m
[0;33mW (232) spi_flash: Detected size(8192k) larger than the size in the binary image header(2048k). Using the size in the binary image header.[0m
[0;32mI (244) sleep_gpio: Configure to isolate all GPIO pins in sleep state[0m
[0;32mI (250) sleep_gpio: Enable automatic switching of GPIO sleep configuration[0m
[0;32mI (257) main_task: Started on CPU0[0m
[0;32mI (267) main_task: Calling app_main()[0m

assert failed: xQueueSemaphoreTake queue.c:1713 (pxQueue->uxItemSize == 0)


Backtrace: 0x40375a65:0x3fc98580 0x40379c85:0x3fc985a0 0x40380375:0x3fc985c0 0x4037a29e:0x3fc986e0 0x4037a3ae:0x3fc98720 0x40376a19:0x3fc98740 0x40376af9:0x3fc98770 0x42007235:0x3fc98790 0x4200898e:0x3fc987b0 0x4200ca56:0x3fc987d0 0x42008384:0x3fc987f0 0x4200898e:0x3fc98810 0x4200c49e:0x3fc98830 0x4200bd55:0x3fc98850 0x4200bda6:0x3fc98870 0x4200c357:0x3fc98890 0x420100fb:0x3fc988c0 0x4200fac5:0x3fc988e0 0x4200c427:0x3fc98c00 0x42009408:0x3fc98c50 0x42009413:0x3fc99830 0x4037a471:0x3fc99850




ELF file SHA256: e558ac5b7

Rebooting...
ESP-ROM:esp32s3-20210327
Build:Mar 27 2021
rst:0xc (RTC_SW_CPU_RST),boot:0x8 (SPI_FAST_FLASH_BOOT)
Saved PC:0x403759a4
SPIWP:0xee
mode:DIO, clock div:1
load:0x3fce2810,len:0x15a0
load:0x403c8700,len:0x4
load:0x403c8704,len:0xd20
load:0x403cb700,len:0x2f00
entry 0x403c8928
[0;32mI (26) boot: ESP-IDF v5.4.1-dirty 2nd stage bootloader[0m
[0;32mI (26) boot: compile time Aug 25 2025 06:06:57[0m
[0;32mI (26) boot: Multicore bootloader[0m
[0;32mI (27) boot: chip revision: v0.2[0m
[0;32mI (30) boot: efuse block revision: v1.3[0m
[0;32mI (33) boot.esp32s3: Boot SPI Speed : 80MHz[0m
[0;32mI (37) boot.esp32s3: SPI Mode       : DIO[0m
[0;32mI (41) boot.esp32s3: SPI Flash Size : 2MB[0m
[0;32mI (45) boot: Enabling RNG early entropy source...[0m
[0;32mI (49) boot: Partition Table:[0m
[0;32mI (52) boot: ## Label            Usage          Type ST Offset   Length[0m
[0;32mI (58) boot:  0 nvs              WiFi data        01 02 00009000 00006000[0m
[0;32mI (65) boot:  1 phy_init         RF data          01 01 0000f000 00001000[0m
[0;32mI (71) boot:  2 factory          factory app      00 00 00010000 00100000[0m
[0;32mI (78) boot: End of partition table[0m
[0;32mI (81) esp_image: segment 0: paddr=00010020 vaddr=3c020020 size=0a280h ( 41600) map[0m
[0;32mI (96) esp_image: segment 1: paddr=0001a2a8 vaddr=3fc92300 size=029d8h ( 10712) load[0m
[0;32mI (98) esp_image: segment 2: paddr=0001cc88 vaddr=40374000 size=03390h ( 13200) load[0m
[0;32mI (106) esp_image: segment 3: paddr=00020020 vaddr=42000020 size=17794h ( 96148) map[0m
[0;32mI (128) esp_image: segment 4: paddr=000377bc vaddr=40377390 size=0af50h ( 44880) load[0m
[0;32mI (138) esp_image: segment 5: paddr=00042714 vaddr=600fe100 size=0001ch (    28) load[0m
[0;32mI (144) boot: Loaded app from partition at offset 0x10000[0m
[0;32mI (144) boot: Disabling RNG early entropy source...[0m
[0;32mI (156) cpu_start: Multicore app[0m
[0;32mI (165) cpu_start: Pro cpu start user code[0m
[0;32mI (165) cpu_start: cpu freq: 160000000 Hz[0m
[0;32mI (165) app_init: Application information:[0m
[0;32mI (166) app_init: Project name:     openOCD[0m
[0;32mI (169) app_init: App version:      1[0m
[0;32mI (173) app_init: Compile time:     Aug 25 2025 06:06:27[0m
[0;32mI (178) app_init: ELF file SHA256:  e558ac5b7...[0m
[0;32mI (182) app_init: ESP-IDF:          v5.4.1-dirty[0m
[0;32mI (186) efuse_init: Min chip rev:     v0.0[0m
[0;32mI (190) efuse_init: Max chip rev:     v0.99 [0m
[0;32mI (194) efuse_init: Chip rev:         v0.2[0m
[0;32mI (198) heap_init: Initializing. RAM available for dynamic allocation:[0m
[0;32mI (204) heap_init: At 3FC95598 len 00054178 (336 KiB): RAM[0m
[0;32mI (209) heap_init: At 3FCE9710 len 00005724 (21 KiB): RAM[0m
[0;32mI (214) heap_init: At 3FCF0000 len 00008000 (32 KiB): DRAM[0m
[0;32mI (220) heap_init: At 600FE11C len 00001ECC (7 KiB): RTCRAM[0m
[0;32mI (226) spi_flash: detected chip: generic[0m
[0;32mI (229) spi_flash: flash io: dio[0m
[0;33mW (232) spi_flash: Detected size(8192k) larger than the size in the binary image header(2048k). Using the size in the binary image header.[0m
[0;32mI (244) sleep_gpio: Configure to isolate all GPIO pins in sleep state[0m
[0;32mI (250) sleep_gpio: Enable automatic switching of GPIO sleep configuration[0m
[0;32mI (257) main_task: Started on CPU0[0m
[0;32mI (267) main_task: Calling app_main()[0m

assert failed: xQueueSemaphoreTake queue.c:1713 (pxQueue->uxItemSize == 0)


Backtrace: 0x40375a65:0x3fc98580 0x40379c85:0x3fc985a0 0x40380375:0x3fc985c0 0x4037a29e:0x3fc986e0 0x4037a3ae:0x3fc98720 0x40376a19:0x3fc98740 0x40376af9:0x3fc98770 0x42007235:0x3fc98790 0x4200898e:0x3fc987b0 0x4200ca56:0x3fc987d0 0x42008384:0x3fc987f0 0x4200898e:0x3fc98810 0x4200c49e:0x3fc98830 0x4200bd55:0x3fc98850 0x4200bda6:0x3fc98870 0x4200c357:0x3fc98890 0x420100fb:0x3fc988c0 0x4200fac5:0x3fc988e0 0x4200c427:0x3fc98c00 0x42009408:0x3fc98c50 0x42009413:0x3fc99830 0x4037a471:0x3fc99850




ELF file SHA256: e558ac5b7

Rebooting...
ESP-ROM:esp32s3-20210327
Build:Mar 27 2021
rst:0xc (RTC_SW_CPU_RST),boot:0x8 (SPI_FAST_FLASH_BOOT)
Saved PC:0x403759a4
SPIWP:0xee
mode:DIO, clock div:1
load:0x3fce2810,len:0x15a0
load:0x403c8700,len:0x4
load:0x403c8704,len:0xd20
load:0x403cb700,len:0x2f00
entry 0x403c8928
[0;32mI (26) boot: ESP-IDF v5.4.1-dirty 2nd stage bootloader[0m
[0;32mI (26) boot: compile time Aug 25 2025 06:06:57[0m
[0;32mI (26) boot: Multicore bootloader[0m
[0;32mI (27) boot: chip revision: v0.2[0m
[0;32mI (30) boot: efuse block revision: v1.3[0m
[0;32mI (33) boot.esp32s3: Boot SPI Speed : 80MHz[0m
[0;32mI (37) boot.esp32s3: SPI Mode       : DIO[0m
[0;32mI (41) boot.esp32s3: SPI Flash Size : 2MB[0m
[0;32mI (45) boot: Enabling RNG early entropy source...[0m
[0;32mI (49) boot: Partition Table:[0m
[0;32mI (52) boot: ## Label            Usage          Type ST Offset   Length[0m
[0;32mI (58) boot:  0 nvs              WiFi data        01 02 00009000 00006000[0m
[0;32mI (65) boot:  1 phy_init         RF data          01 01 0000f000 00001000[0m
[0;32mI (71) boot:  2 factory          factory app      00 00 00010000 00100000[0m
[0;32mI (78) boot: End of partition table[0m
[0;32mI (81) esp_image: segment 0: paddr=00010020 vaddr=3c020020 size=0a280h ( 41600) map[0m
[0;32mI (96) esp_image: segment 1: paddr=0001a2a8 vaddr=3fc92300 size=029d8h ( 10712) load[0m
[0;32mI (98) esp_image: segment 2: paddr=0001cc88 vaddr=40374000 size=03390h ( 13200) load[0m
[0;32mI (106) esp_image: segment 3: paddr=00020020 vaddr=42000020 size=17794h ( 96148) map[0m
[0;32mI (128) esp_image: segment 4: paddr=000377bc vaddr=40377390 size=0af50h ( 44880) load[0m
[0;32mI (138) esp_image: segment 5: paddr=00042714 vaddr=600fe100 size=0001ch (    28) load[0m
[0;32mI (144) boot: Loaded app from partition at offset 0x10000[0m
[0;32mI (144) boot: Disabling RNG early entropy source...[0m
[0;32mI (155) cpu_start: Multicore app[0m
[0;32mI (165) cpu_start: Pro cpu start user code[0m
[0;32mI (165) cpu_start: cpu freq: 160000000 Hz[0m
[0;32mI (165) app_init: Application information:[0m
[0;32mI (165) app_init: Project name:     openOCD[0m
[0;32mI (169) app_init: App version:      1[0m
[0;32mI (172) app_init: Compile time:     Aug 25 2025 06:06:27[0m
[0;32mI (177) app_init: ELF file SHA256:  e558ac5b7...[0m
[0;32mI (182) app_init: ESP-IDF:          v5.4.1-dirty[0m
[0;32mI (186) efuse_init: Min chip rev:     v0.0[0m
[0;32mI (190) efuse_init: Max chip rev:     v0.99 [0m
[0;32mI (194) efuse_init: Chip rev:         v0.2[0m
[0;32mI (198) heap_init: Initializing. RAM available for dynamic allocation:[0m
[0;32mI (204) heap_init: At 3FC95598 len 00054178 (336 KiB): RAM[0m
[0;32mI (209) heap_init: At 3FCE9710 len 00005724 (21 KiB): RAM[0m
[0;32mI (214) heap_init: At 3FCF0000 len 00008000 (32 KiB): DRAM[0m
[0;32mI (220) heap_init: At 600FE11C len 00001ECC (7 KiB): RTCRAM[0m
[0;32mI (226) spi_flash: detected chip: generic[0m
[0;32mI (229) spi_flash: flash io: dio[0m
[0;33mW (232) spi_flash: Detected size(8192k) larger than the size in the binary image header(2048k). Using the size in the binary image header.[0m
[0;32mI (244) sleep_gpio: Configure to isolate all GPIO pins in sleep state[0m
[0;32mI (250) sleep_gpio: Enable automatic switching of GPIO sleep configuration[0m
[0;32mI (257) main_task: Started on CPU0[0m
[0;32mI (267) main_task: Calling app_main()[0m

assert failed: xQueueSemaphoreTake queue.c:1713 (pxQueue->uxItemSize == 0)


Backtrace: 0x40375a65:0x3fc98580 0x40379c85:0x3fc985a0 0x40380375:0x3fc985c0 0x4037a29e:0x3fc986e0 0x4037a3ae:0x3fc98720 0x40376a19:0x3fc98740 0x40376af9:0x3fc98770 0x42007235:0x3fc98790 0x4200898e:0x3fc987b0 0x4200ca56:0x3fc987d0 0x42008384:0x3fc987f0 0x4200898e:0x3fc98810 0x4200c49e:0x3fc98830 0x4200bd55:0x3fc98850 0x4200bda6:0x3fc98870 0x4200c357:0x3fc98890 0x420100fb:0x3fc988c0 0x4200fac5:0x3fc988e0 0x4200c427:0x3fc98c00 0x42009408:0x3fc98c50 0x42009413:0x3fc99830 0x4037a471:0x3fc99850




ELF file SHA256: e558ac5b7

Rebooting...
ESP-ROM:esp32s3-20210327
Build:Mar 27 2021
rst:0xc (RTC_SW_CPU_RST),boot:0x8 (SPI_FAST_FLASH_BOOT)
Saved PC:0x403759a4
SPIWP:0xee
mode:DIO, clock div:1
load:0x3fce2810,len:0x15a0
load:0x403c8700,len:0x4
load:0x403c8704,len:0xd20
load:0x403cb700,len:0x2f00
entry 0x403c8928
[0;32mI (26) boot: ESP-IDF v5.4.1-dirty 2nd stage bootloader[0m
[0;32mI (26) boot: compile time Aug 25 2025 06:06:57[0m
[0;32mI (26) boot: Multicore bootloader[0m
[0;32mI (27) boot: chip revision: v0.2[0m
[0;32mI (30) boot: efuse block revision: v1.3[0m
[0;32mI (33) boot.esp32s3: Boot SPI Speed : 80MHz[0m
[0;32mI (37) boot.esp32s3: SPI Mode       : DIO[0m
[0;32mI (41) boot.esp32s3: SPI Flash Size : 2MB[0m
[0;32mI (45) boot: Enabling RNG early entropy source...[0m
[0;32mI (49) boot: Partition Table:[0m
[0;32mI (52) boot: ## Label            Usage          Type ST Offset   Length[0m
[0;32mI (58) boot:  0 nvs              WiFi data        01 02 00009000 00006000[0m
[0;32mI (65) boot:  1 phy_init         RF data          01 01 0000f000 00001000[0m
[0;32mI (71) boot:  2 factory          factory app      00 00 00010000 00100000[0m
[0;32mI (78) boot: End of partition table[0m
[0;32mI (81) esp_image: segment 0: paddr=00010020 vaddr=3c020020 size=0a280h ( 41600) map[0m
[0;32mI (96) esp_image: segment 1: paddr=0001a2a8 vaddr=3fc92300 size=029d8h ( 10712) load[0m
[0;32mI (98) esp_image: segment 2: paddr=0001cc88 vaddr=40374000 size=03390h ( 13200) load[0m
[0;32mI (106) esp_image: segment 3: paddr=00020020 vaddr=42000020 size=17794h ( 96148) map[0m
[0;32mI (128) esp_image: segment 4: paddr=000377bc vaddr=40377390 size=0af50h ( 44880) load[0m
[0;32mI (138) esp_image: segment 5: paddr=00042714 vaddr=600fe100 size=0001ch (    28) load[0m
[0;32mI (144) boot: Loaded app from partition at offset 0x10000[0m
[0;32mI (144) boot: Disabling RNG early entropy source...[0m
[0;32mI (155) cpu_start: Multicore app[0m
[0;32mI (165) cpu_start: Pro cpu start user code[0m
[0;32mI (165) cpu_start: cpu freq: 160000000 Hz[0m
[0;32mI (165) app_init: Application information:[0m
[0;32mI (165) app_init: Project name:     openOCD[0m
[0;32mI (169) app_init: App version:      1[0m
[0;32mI (172) app_init: Compile time:     Aug 25 2025 06:06:27[0m
[0;32mI (177) app_init: ELF file SHA256:  e558ac5b7...[0m
[0;32mI (182) app_init: ESP-IDF:          v5.4.1-dirty[0m
[0;32mI (186) efuse_init: Min chip rev:     v0.0[0m
[0;32mI (190) efuse_init: Max chip rev:     v0.99 [0m
[0;32mI (194) efuse_init: Chip rev:         v0.2[0m
[0;32mI (198) heap_init: Initializing. RAM available for dynamic allocation:[0m
[0;32mI (204) heap_init: At 3FC95598 len 00054178 (336 KiB): RAM[0m
[0;32mI (209) heap_init: At 3FCE9710 len 00005724 (21 KiB): RAM[0m
[0;32mI (214) heap_init: At 3FCF0000 len 00008000 (32 KiB): DRAM[0m
[0;32mI (220) heap_init: At 600FE11C len 00001ECC (7 KiB): RTCRAM[0m
[0;32mI (226) spi_flash: detected chip: generic[0m
[0;32mI (229) spi_flash: flash io: dio[0m
[0;33mW (232) spi_flash: Detected size(8192k) larger than the size in the binary image header(2048k). Using the size in the binary image header.[0m
[0;32mI (244) sleep_gpio: Configure to isolate all GPIO pins in sleep state[0m
[0;32mI (250) sleep_gpio: Enable automatic switching of GPIO sleep configuration[0m
[0;32mI (257) main_task: Started on CPU0[0m
[0;32mI (267) main_task: Calling app_main()[0m

assert failed: xQueueSemaphoreTake queue.c:1713 (pxQueue->uxItemSize == 0)


Backtrace: 0x40375a65:0x3fc98580 0x40379c85:0x3fc985a0 0x40380375:0x3fc985c0 0x4037a29e:0x3fc986e0 0x4037a3ae:0x3fc98720 0x40376a19:0x3fc98740 0x40376af9:0x3fc98770 0x42007235:0x3fc98790 0x4200898e:0x3fc987b0 0x4200ca56:0x3fc987d0 0x42008384:0x3fc987f0 0x4200898e:0x3fc98810 0x4200c49e:0x3fc98830 0x4200bd55:0x3fc98850 0x4200bda6:0x3fc98870 0x4200c357:0x3fc98890 0x420100fb:0x3fc988c0 0x4200fac5:0x3fc988e0 0x4200c427:0x3fc98c00 0x42009408:0x3fc98c50 0x42009413:0x3fc99830 0x4037a471:0x3fc99850




ELF file SHA256: e558ac5b7

Rebooting...
ESP-ROM:esp32s3-20210327
Build:Mar 27 2021
rst:0xc (RTC_SW_CPU_RST),boot:0x8 (SPI_FAST_FLASH_BOOT)
Saved PC:0x403759a4
SPIWP:0xee
mode:DIO, clock div:1
load:0x3fce2810,len:0x15a0
load:0x403c8700,len:0x4
load:0x403c8704,len:0xd20
load:0x403cb700,len:0x2f00
entry 0x403c8928
[0;32mI (26) boot: ESP-IDF v5.4.1-dirty 2nd stage bootloader[0m
[0;32mI (26) boot: compile time Aug 25 2025 06:06:57[0m
[0;32mI (26) boot: Multicore bootloader[0m
[0;32mI (27) boot: chip revision: v0.2[0m
[0;32mI (30) boot: efuse block revision: v1.3[0m
[0;32mI (33) boot.esp32s3: Boot SPI Speed : 80MHz[0m
[0;32mI (37) boot.esp32s3: SPI Mode       : DIO[0m
[0;32mI (41) boot.esp32s3: SPI Flash Size : 2MB[0m
[0;32mI (45) boot: Enabling RNG early entropy source...[0m
[0;32mI (49) boot: Partition Table:[0m
[0;32mI (52) boot: ## Label            Usage          Type ST Offset   Length[0m
[0;32mI (58) boot:  0 nvs              WiFi data        01 02 00009000 00006000[0m
[0;32mI (65) boot:  1 phy_init         RF data          01 01 0000f000 00001000[0m
[0;32mI (71) boot:  2 factory          factory app      00 00 00010000 00100000[0m
[0;32mI (78) boot: End of partition table[0m
[0;32mI (81) esp_image: segment 0: paddr=00010020 vaddr=3c020020 size=0a280h ( 41600) map[0m
[0;32mI (96) esp_image: segment 1: paddr=0001a2a8 vaddr=3fc92300 size=029d8h ( 10712) load[0m
[0;32mI (98) esp_image: segment 2: paddr=0001cc88 vaddr=40374000 size=03390h ( 13200) load[0m
[0;32mI (106) esp_image: segment 3: paddr=00020020 vaddr=42000020 size=17794h ( 96148) map[0m
[0;32mI (128) esp_image: segment 4: paddr=000377bc vaddr=40377390 size=0af50h ( 44880) load[0m
[0;32mI (138) esp_image: segment 5: paddr=00042714 vaddr=600fe100 size=0001ch (    28) load[0m
[0;32mI (144) boot: Loaded app from partition at offset 0x10000[0m
[0;32mI (144) boot: Disabling RNG early entropy source...[0m
[0;32mI (155) cpu_start: Multicore app[0m
[0;32mI (165) cpu_start: Pro cpu start user code[0m
[0;32mI (165) cpu_start: cpu freq: 160000000 Hz[0m
[0;32mI (165) app_init: Application information:[0m
[0;32mI (165) app_init: Project name:     openOCD[0m
[0;32mI (169) app_init: App version:      1[0m
[0;32mI (172) app_init: Compile time:     Aug 25 2025 06:06:27[0m
[0;32mI (177) app_init: ELF file SHA256:  e558ac5b7...[0m
[0;32mI (182) app_init: ESP-IDF:          v5.4.1-dirty[0m
[0;32mI (186) efuse_init: Min chip rev:     v0.0[0m
[0;32mI (190) efuse_init: Max chip rev:     v0.99 [0m
[0;32mI (194) efuse_init: Chip rev:         v0.2[0m
[0;32mI (198) heap_init: Initializing. RAM available for dynamic allocation:[0m
[0;32mI (204) heap_init: At 3FC95598 len 00054178 (336 KiB): RAM[0m
[0;32mI (209) heap_init: At 3FCE9710 len 00005724 (21 KiB): RAM[0m
[0;32mI (214) heap_init: At 3FCF0000 len 00008000 (32 KiB): DRAM[0m
[0;32mI (220) heap_init: At 600FE11C len 00001ECC (7 KiB): RTCRAM[0m
[0;32mI (226) spi_flash: detected chip: generic[0m
[0;32mI (229) spi_flash: flash io: dio[0m
[0;33mW (232) spi_flash: Detected size(8192k) larger than the size in the binary image header(2048k). Using the size in the binary image header.[0m
[0;32mI (244) sleep_gpio: Configure to isolate all GPIO pins in sleep state[0m
[0;32mI (250) sleep_gpio: Enable automatic switching of GPIO sleep configuration[0m
[0;32mI (257) main_task: Started on CPU0[0m
[0;32mI (267) main_task: Calling app_main()[0m

assert failed: xQueueSemaphoreTake queue.c:1713 (pxQueue->uxItemSize == 0)


Backtrace: 0x40375a65:0x3fc98580 0x40379c85:0x3fc985a0 0x40380375:0x3fc985c0 0x4037a29e:0x3fc986e0 0x4037a3ae:0x3fc98720 0x40376a19:0x3fc98740 0x40376af9:0x3fc98770 0x42007235:0x3fc98790 0x4200898e:0x3fc987b0 0x4200ca56:0x3fc987d0 0x42008384:0x3fc987f0 0x4200898e:0x3fc98810 0x4200c49e:0x3fc98830 0x4200bd55:0x3fc98850 0x4200bda6:0x3fc98870 0x4200c357:0x3fc98890 0x420100fb:0x3fc988c0 0x4200fac5:0x3fc988e0 0x4200c427:0x3fc98c00 0x42009408:0x3fc98c50 0x42009413:0x3fc99830 0x4037a471:0x3fc99850




ELF file SHA256: e558ac5b7

Rebooting...
ESP-ROM:esp32s3-20210327
Build:Mar 27 2021
rst:0xc (RTC_SW_CPU_RST),boot:0x8 (SPI_FAST_FLASH_BOOT)
Saved PC:0x403759a4
SPIWP:0xee
mode:DIO, clock div:1
load:0x3fce2810,len:0x15a0
load:0x403c8700,len:0x4
load:0x403c8704,len:0xd20
load:0x403cb700,len:0x2f00
entry 0x403c8928
[0;32mI (26) boot: ESP-IDF v5.4.1-dirty 2nd stage bootloader[0m
[0;32mI (26) boot: compile time Aug 25 2025 06:06:57[0m
[0;32mI (26) boot: Multicore bootloader[0m
[0;32mI (27) boot: chip revision: v0.2[0m
[0;32mI (30) boot: efuse block revision: v1.3[0m
[0;32mI (33) boot.esp32s3: Boot SPI Speed : 80MHz[0m
[0;32mI (37) boot.esp32s3: SPI Mode       : DIO[0m
[0;32mI (41) boot.esp32s3: SPI Flash Size : 2MB[0m
[0;32mI (45) boot: Enabling RNG early entropy source...[0m
[0;32mI (49) boot: Partition Table:[0m
[0;32mI (52) boot: ## Label            Usage          Type ST Offset   Length[0m
[0;32mI (58) boot:  0 nvs              WiFi data        01 02 00009000 00006000[0m
[0;32mI (65) boot:  1 phy_init         RF data          01 01 0000f000 00001000[0m
[0;32mI (71) boot:  2 factory          factory app      00 00 00010000 00100000[0m
[0;32mI (78) boot: End of partition table[0m
[0;32mI (81) esp_image: segment 0: paddr=00010020 vaddr=3c020020 size=0a280h ( 41600) map[0m
[0;32mI (96) esp_image: segment 1: paddr=0001a2a8 vaddr=3fc92300 size=029d8h ( 10712) load[0m
[0;32mI (98) esp_image: segment 2: paddr=0001cc88 vaddr=40374000 size=03390h ( 13200) load[0m
[0;32mI (106) esp_image: segment 3: paddr=00020020 vaddr=42000020 size=17794h ( 96148) map[0m
[0;32mI (128) esp_image: segment 4: paddr=000377bc vaddr=40377390 size=0af50h ( 44880) load[0m
[0;32mI (138) esp_image: segment 5: paddr=00042714 vaddr=600fe100 size=0001ch (    28) load[0m
[0;32mI (144) boot: Loaded app from partition at offset 0x10000[0m
[0;32mI (144) boot: Disabling RNG early entropy source...[0m
[0;32mI (155) cpu_start: Multicore app[0m
[0;32mI (165) cpu_start: Pro cpu start user code[0m
[0;32mI (165) cpu_start: cpu freq: 160000000 Hz[0m
[0;32mI (165) app_init: Application information:[0m
[0;32mI (165) app_init: Project name:     openOCD[0m
[0;32mI (169) app_init: App version:      1[0m
[0;32mI (172) app_init: Compile time:     Aug 25 2025 06:06:27[0m
[0;32mI (177) app_init: ELF file SHA256:  e558ac5b7...[0m
[0;32mI (182) app_init: ESP-IDF:          v5.4.1-dirty[0m
[0;32mI (186) efuse_init: Min chip rev:     v0.0[0m
[0;32mI (190) efuse_init: Max chip rev:     v0.99 [0m
[0;32mI (194) efuse_init: Chip rev:         v0.2[0m
[0;32mI (198) heap_init: Initializing. RAM available for dynamic allocation:[0m
[0;32mI (204) heap_init: At 3FC95598 len 00054178 (336 KiB): RAM[0m
[0;32mI (209) heap_init: At 3FCE9710 len 00005724 (21 KiB): RAM[0m
[0;32mI (214) heap_init: At 3FCF0000 len 00008000 (32 KiB): DRAM[0m
[0;32mI (220) heap_init: At 600FE11C len 00001ECC (7 KiB): RTCRAM[0m
[0;32mI (226) spi_flash: detected chip: generic[0m
[0;32mI (229) spi_flash: flash io: dio[0m
[0;33mW (232) spi_flash: Detected size(8192k) larger than the size in the binary image header(2048k). Using the size in the binary image header.[0m
[0;32mI (244) sleep_gpio: Configure to isolate all GPIO pins in sleep state[0m
[0;32mI (250) sleep_gpio: Enable automatic switching of GPIO sleep configuration[0m
[0;32mI (257) main_task: Started on CPU0[0m
[0;32mI (267) main_task: Calling app_main()[0m

assert failed: xQueueSemaphoreTake queue.c:1713 (pxQueue->uxItemSize == 0)


Backtrace: 0x40375a65:0x3fc98580 0x40379c85:0x3fc985a0 0x40380375:0x3fc985c0 0x4037a29e:0x3fc986e0 0x4037a3ae:0x3fc98720 0x40376a19:0x3fc98740 0x40376af9:0x3fc98770 0x42007235:0x3fc98790 0x4200898e:0x3fc987b0 0x4200ca56:0x3fc987d0 0x42008384:0x3fc987f0 0x4200898e:0x3fc98810 0x4200c49e:0x3fc98830 0x4200bd55:0x3fc98850 0x4200bda6:0x3fc98870 0x4200c357:0x3fc98890 0x420100fb:0x3fc988c0 0x4200fac5:0x3fc988e0 0x4200c427:0x3fc98c00 0x42009408:0x3fc98c50 0x42009413:0x3fc99830 0x4037a471:0x3fc99850




ELF file SHA256: e558ac5b7

Rebooting...
ESP-ROM:esp32s3-20210327
Build:Mar 27 2021
rst:0xc (RTC_SW_CPU_RST),boot:0x8 (SPI_FAST_FLASH_BOOT)
Saved PC:0x403759a4
SPIWP:0xee
mode:DIO, clock div:1
load:0x3fce2810,len:0x15a0
load:0x403c8700,len:0x4
load:0x403c8704,len:0xd20
load:0x403cb700,len:0x2f00
entry 0x403c8928
[0;32mI (26) boot: ESP-IDF v5.4.1-dirty 2nd stage bootloader[0m
[0;32mI (26) boot: compile time Aug 25 2025 06:06:57[0m
[0;32mI (26) boot: Multicore bootloader[0m
[0;32mI (27) boot: chip revision: v0.2[0m
[0;32mI (30) boot: efuse block revision: v1.3[0m
[0;32mI (33) boot.esp32s3: Boot SPI Speed : 80MHz[0m
[0;32mI (37) boot.esp32s3: SPI Mode       : DIO[0m
[0;32mI (41) boot.esp32s3: SPI Flash Size : 2MB[0m
[0;32mI (45) boot: Enabling RNG early entropy source...[0m
[0;32mI (49) boot: Partition Table:[0m
[0;32mI (52) boot: ## Label            Usage          Type ST Offset   Length[0m
[0;32mI (58) boot:  0 nvs              WiFi data        01 02 00009000 00006000[0m
[0;32mI (65) boot:  1 phy_init         RF data          01 01 0000f000 00001000[0m
[0;32mI (71) boot:  2 factory          factory app      00 00 00010000 00100000[0m
[0;32mI (78) boot: End of partition table[0m
[0;32mI (81) esp_image: segment 0: paddr=00010020 vaddr=3c020020 size=0a280h ( 41600) map[0m
[0;32mI (96) esp_image: segment 1: paddr=0001a2a8 vaddr=3fc92300 size=029d8h ( 10712) load[0m
[0;32mI (98) esp_image: segment 2: paddr=0001cc88 vaddr=40374000 size=03390h ( 13200) load[0m
[0;32mI (106) esp_image: segment 3: paddr=00020020 vaddr=42000020 size=17794h ( 96148) map[0m
[0;32mI (128) esp_image: segment 4: paddr=000377bc vaddr=40377390 size=0af50h ( 44880) load[0m
[0;32mI (138) esp_image: segment 5: paddr=00042714 vaddr=600fe100 size=0001ch (    28) load[0m
[0;32mI (144) boot: Loaded app from partition at offset 0x10000[0m
[0;32mI (144) boot: Disabling RNG early entropy source...[0m
[0;32mI (155) cpu_start: Multicore app[0m
[0;32mI (165) cpu_start: Pro cpu start user code[0m
[0;32mI (165) cpu_start: cpu freq: 160000000 Hz[0m
[0;32mI (165) app_init: Application information:[0m
[0;32mI (165) app_init: Project name:     openOCD[0m
[0;32mI (169) app_init: App version:      1[0m
[0;32mI (172) app_init: Compile time:     Aug 25 2025 06:06:27[0m
[0;32mI (177) app_init: ELF file SHA256:  e558ac5b7...[0m
[0;32mI (182) app_init: ESP-IDF:          v5.4.1-dirty[0m
[0;32mI (186) efuse_init: Min chip rev:     v0.0[0m
[0;32mI (190) efuse_init: Max chip rev:     v0.99 [0m
[0;32mI (194) efuse_init: Chip rev:         v0.2[0m
[0;32mI (198) heap_init: Initializing. RAM available for dynamic allocation:[0m
[0;32mI (204) heap_init: At 3FC95598 len 00054178 (336 KiB): RAM[0m
[0;32mI (209) heap_init: At 3FCE9710 len 00005724 (21 KiB): RAM[0m
[0;32mI (214) heap_init: At 3FCF0000 len 00008000 (32 KiB): DRAM[0m
