ï¿½YESP-ROM:esp32s3-20210327
Build:Mar 27 2021
rst:0x1 (POWERON),boot:0x8 (SPI_FAST_FLASH_BOOT)
SPIWP:0xee
mode:DIO, clock div:1
load:0x3fce2810,len:0x15a0
load:0x403c8700,len:0x4
load:0x403c8704,len:0xd20
load:0x403cb700,len:0x2f00
entry 0x403c8928
[0;32mI (27) boot: ESP-IDF v5.4.1-dirty 2nd stage bootloader[0m
[0;32mI (27) boot: compile time Aug 19 2025 22:35:19[0m
[0;32mI (27) boot: Multicore bootloader[0m
[0;32mI (28) boot: chip revision: v0.2[0m
[0;32mI (30) boot: efuse block revision: v1.3[0m
[0;32mI (34) boot.esp32s3: Boot SPI Speed : 80MHz[0m
[0;32mI (38) boot.esp32s3: SPI Mode       : DIO[0m
[0;32mI (42) boot.esp32s3: SPI Flash Size : 2MB[0m
[0;32mI (45) boot: Enabling RNG early entropy source...[0m
[0;32mI (50) boot: Partition Table:[0m
[0;32mI (52) boot: ## Label            Usage          Type ST Offset   Length[0m
[0;32mI (59) boot:  0 nvs              WiFi data        01 02 00009000 00006000[0m
[0;32mI (65) boot:  1 phy_init         RF data          01 01 0000f000 00001000[0m
[0;32mI (72) boot:  2 factory          factory app      00 00 00010000 00100000[0m
[0;32mI (78) boot: End of partition table[0m
[0;32mI (82) esp_image: segment 0: paddr=00010020 vaddr=3c020020 size=0bca0h ( 48288) map[0m
[0;32mI (98) esp_image: segment 1: paddr=0001bcc8 vaddr=3fc93b00 size=02cb4h ( 11444) load[0m
[0;32mI (100) esp_image: segment 2: paddr=0001e984 vaddr=40374000 size=01694h (  5780) load[0m
[0;32mI (105) esp_image: segment 3: paddr=00020020 vaddr=42000020 size=1bb08h (113416) map[0m
[0;32mI (131) esp_image: segment 4: paddr=0003bb30 vaddr=40375694 size=0e45ch ( 58460) load[0m
[0;32mI (144) esp_image: segment 5: paddr=00049f94 vaddr=600fe100 size=0001ch (    28) load[0m
[0;32mI (151) boot: Loaded app from partition at offset 0x10000[0m
[0;32mI (151) boot: Disabling RNG early entropy source...[0m
[0;32mI (162) cpu_start: Multicore app[0m
[0;32mI (172) cpu_start: Pro cpu start user code[0m
[0;32mI (172) cpu_start: cpu freq: 160000000 Hz[0m
[0;32mI (172) app_init: Application information:[0m
[0;32mI (172) app_init: Project name:     esp5[0m
[0;32mI (175) app_init: App version:      1[0m
[0;32mI (179) app_init: Compile time:     Aug 19 2025 22:35:08[0m
[0;32mI (184) app_init: ELF file SHA256:  558a2645c...[0m
[0;32mI (188) app_init: ESP-IDF:          v5.4.1-dirty[0m
[0;32mI (193) efuse_init: Min chip rev:     v0.0[0m
[0;32mI (196) efuse_init: Max chip rev:     v0.99 [0m
[0;32mI (200) efuse_init: Chip rev:         v0.2[0m
[0;32mI (204) heap_init: Initializing. RAM available for dynamic allocation:[0m
[0;32mI (211) heap_init: At 3FC97088 len 00052688 (329 KiB): RAM[0m
[0;32mI (216) heap_init: At 3FCE9710 len 00005724 (21 KiB): RAM[0m
[0;32mI (221) heap_init: At 3FCF0000 len 00008000 (32 KiB): DRAM[0m
[0;32mI (226) heap_init: At 600FE11C len 00001ECC (7 KiB): RTCRAM[0m
[0;32mI (232) spi_flash: detected chip: generic[0m
[0;32mI (235) spi_flash: flash io: dio[0m
[0;33mW (238) spi_flash: Detected size(8192k) larger than the size in the binary image header(2048k). Using the size in the binary image header.[0m
[0;32mI (250) sleep_gpio: Configure to isolate all GPIO pins in sleep state[0m
[0;32mI (257) sleep_gpio: Enable automatic switching of GPIO sleep configuration[0m
[0;32mI (263) main_task: Started on CPU0[0m
[0;32mI (283) main_task: Calling app_main()[0m
Hello, esp32
3 + 5 = 8
[0;32mI (283) LED:: RED[0m
[0;32mI (483) LED:: GREEN[0m
[0;32mI (783) LED:: BLUE[0m
[0;32mI (2783) LED:: RED[0m
[0;32mI (2983) LED:: GREEN[0m
[0;32mI (3283) LED:: BLUE[0m
[0;32mI (5283) LED:: RED[0m
[0;32mI (5483) LED:: GREEN[0m
[0;32mI (5783) LED:: BLUE[0m
[0;32mI (7783) LED:: RED[0m
[0;32mI (7983) LED:: GREEN[0m
[0;32mI (8283) LED:: BLUE[0m
[0;32mI (10283) LED:: RED[0m
[0;32mI (10483) LED:: GREEN[0m
[0;32mI (10783) LED:: BLUE[0m
[0;32mI (12783) LED:: RED[0m
[0;32mI (12983) LED:: GREEN[0m
[0;32mI (13283) LED:: BLUE[0m
[0;32mI (15283) LED:: RED[0m
[0;32mI (15483) LED:: GREEN[0m
[0;32mI (15783) LED:: BLUE[0m
[0;32mI (17783) LED:: RED[0m
[0;32mI (17983) LED:: GREEN[0m
[0;32mI (18283) LED:: BLUE[0m
[0;32mI (20283) LED:: RED[0m
[0;32mI (20483) LED:: GREEN[0m
[0;32mI (20783) LED:: BLUE[0m
[0;32mI (22783) LED:: RED[0m
[0;32mI (22983) LED:: GREEN[0m
[0;32mI (23283) LED:: BLUE[0m
[0;32mI (25283) LED:: RED[0m
[0;32mI (25483) LED:: GREEN[0m
[0;32mI (25783) LED:: BLUE[0m
[0;32mI (27783) LED:: RED[0m
[0;32mI (27983) LED:: GREEN[0m
[0;32mI (28283) LED:: BLUE[0m
[0;32mI (30283) LED:: RED[0m
[0;32mI (30483) LED:: GREEN[0m
[0;32mI (30783) LED:: BLUE[0m
[0;32mI (32783) LED:: RED[0m
[0;32mI (32983) LED:: GREEN[0m
[0;32mI (33283) LED:: BLUE[0m
[0;32mI (35283) LED:: RED[0m
[0;32mI (35483) LED:: GREEN[0m
[0;32mI (35783) LED:: BLUE[0m
[0;32mI (37783) LED:: RED[0m
[0;32mI (37983) LED:: GREEN[0m
[0;32mI (38283) LED:: BLUE[0m
[0;32mI (40283) LED:: RED[0m
[0;32mI (40483) LED:: GREEN[0m
[0;32mI (40783) LED:: BLUE[0m
[0;32mI (42783) LED:: RED[0m
[0;32mI (42983) LED:: GREEN[0m
[0;32mI (43283) LED:: BLUE[0m
[0;32mI (45283) LED:: RED[0m
[0;32mI (45483) LED:: GREEN[0m
[0;32mI (45783) LED:: BLUE[0m
[0;32mI (47783) LED:: RED[0m
[0;32mI (47983) LED:: GREEN[0m
[0;32mI (48283) LED:: BLUE[0m
[0;32mI (50283) LED:: RED[0m
[0;32mI (50483) LED:: GREEN[0m
[0;32mI (50783) LED:: BLUE[0m
[0;32mI (52783) LED:: RED[0m
[0;32mI (52983) LED:: GREEN[0m
[0;32mI (53283) LED:: BLUE[0m
[0;32mI (55283) LED:: RED[0m
[0;32mI (55483) LED:: GREEN[0m
[0;32mI (55783) LED:: BLUE[0m
[0;32mI (57783) LED:: RED[0m
[0;32mI (57983) LED:: GREEN[0m
[0;32mI (58283) LED:: BLUE[0m
[0;32mI (60283) LED:: RED[0m
[0;32mI (60483) LED:: GREEN[0m
[0;32mI (60783) LED:: BLUE[0m
[0;32mI (62783) LED:: RED[0m
[0;32mI (62983) LED:: GREEN[0m
[0;32mI (63283) LED:: BLUE[0m
[0;32mI (65283) LED:: RED[0m
[0;32mI (65483) LED:: GREEN[0m
[0;32mI (65783) LED:: BLUE[0m
[0;32mI (67783) LED:: RED[0m
[0;32mI (67983) LED:: GREEN[0m
[0;32mI (68283) LED:: BLUE[0m
[0;32mI (70283) LED:: RED[0m
[0;32mI (70483) LED:: GREEN[0m
[0;32mI (70783) LED:: BLUE[0m
[0;32mI (72783) LED:: RED[0m
[0;32mI (72983) LED:: GREEN[0m
[0;32mI (73283) LED:: BLUE[0m
[0;32mI (75283) LED:: RED[0m
[0;32mI (75483) LED:: GREEN[0m
[0;32mI (75783) LED:: BLUE[0m
[0;32mI (77783) LED:: RED[0m
[0;32mI (77983) LED:: GREEN[0m
[0;32mI (78283) LED:: BLUE[0m
[0;32mI (80283) LED:: RED[0m
[0;32mI (80483) LED:: GREEN[0m
[0;32mI (80783) LED:: BLUE[0m
